/home/christal/Documents/prog/Hands-On-RTOS-with-Microcontrollers/Middleware/Third_Party/FreeRTOS/FreeRTOS_POSIX/FreeRTOS-Plus-POSIX/source/FreeRTOS_POSIX_pthread.c:136:5:pthread_attr_destroy	0	static
/home/christal/Documents/prog/Hands-On-RTOS-with-Microcontrollers/Middleware/Third_Party/FreeRTOS/FreeRTOS_POSIX/FreeRTOS-Plus-POSIX/source/FreeRTOS_POSIX_pthread.c:145:5:pthread_attr_getdetachstate	0	static
/home/christal/Documents/prog/Hands-On-RTOS-with-Microcontrollers/Middleware/Third_Party/FreeRTOS/FreeRTOS_POSIX/FreeRTOS-Plus-POSIX/source/FreeRTOS_POSIX_pthread.c:164:5:pthread_attr_getschedparam	0	static
/home/christal/Documents/prog/Hands-On-RTOS-with-Microcontrollers/Middleware/Third_Party/FreeRTOS/FreeRTOS_POSIX/FreeRTOS-Plus-POSIX/source/FreeRTOS_POSIX_pthread.c:176:5:pthread_attr_getstacksize	0	static
/home/christal/Documents/prog/Hands-On-RTOS-with-Microcontrollers/Middleware/Third_Party/FreeRTOS/FreeRTOS_POSIX/FreeRTOS-Plus-POSIX/source/FreeRTOS_POSIX_pthread.c:188:5:pthread_attr_init	0	static
/home/christal/Documents/prog/Hands-On-RTOS-with-Microcontrollers/Middleware/Third_Party/FreeRTOS/FreeRTOS_POSIX/FreeRTOS-Plus-POSIX/source/FreeRTOS_POSIX_pthread.c:198:5:pthread_attr_setdetachstate	0	static
/home/christal/Documents/prog/Hands-On-RTOS-with-Microcontrollers/Middleware/Third_Party/FreeRTOS/FreeRTOS_POSIX/FreeRTOS-Plus-POSIX/source/FreeRTOS_POSIX_pthread.c:220:5:pthread_attr_setschedparam	16	static
/home/christal/Documents/prog/Hands-On-RTOS-with-Microcontrollers/Middleware/Third_Party/FreeRTOS/FreeRTOS_POSIX/FreeRTOS-Plus-POSIX/source/FreeRTOS_POSIX_pthread.c:253:5:pthread_attr_setschedpolicy	0	static
/home/christal/Documents/prog/Hands-On-RTOS-with-Microcontrollers/Middleware/Third_Party/FreeRTOS/FreeRTOS_POSIX/FreeRTOS-Plus-POSIX/source/FreeRTOS_POSIX_pthread.c:265:5:pthread_attr_setstacksize	0	static
/home/christal/Documents/prog/Hands-On-RTOS-with-Microcontrollers/Middleware/Third_Party/FreeRTOS/FreeRTOS_POSIX/FreeRTOS-Plus-POSIX/source/FreeRTOS_POSIX_pthread.c:285:5:pthread_create	32	static
/home/christal/Documents/prog/Hands-On-RTOS-with-Microcontrollers/Middleware/Third_Party/FreeRTOS/FreeRTOS_POSIX/FreeRTOS-Plus-POSIX/source/FreeRTOS_POSIX_pthread.c:370:5:pthread_getschedparam	0	static
/home/christal/Documents/prog/Hands-On-RTOS-with-Microcontrollers/Middleware/Third_Party/FreeRTOS/FreeRTOS_POSIX/FreeRTOS-Plus-POSIX/source/FreeRTOS_POSIX_pthread.c:385:5:pthread_equal	0	static
/home/christal/Documents/prog/Hands-On-RTOS-with-Microcontrollers/Middleware/Third_Party/FreeRTOS/FreeRTOS_POSIX/FreeRTOS-Plus-POSIX/source/FreeRTOS_POSIX_pthread.c:478:11:pthread_self	0	static
/home/christal/Documents/prog/Hands-On-RTOS-with-Microcontrollers/Middleware/Third_Party/FreeRTOS/FreeRTOS_POSIX/FreeRTOS-Plus-POSIX/source/FreeRTOS_POSIX_pthread.c:100:13:prvExitThread	8	static
/home/christal/Documents/prog/Hands-On-RTOS-with-Microcontrollers/Middleware/Third_Party/FreeRTOS/FreeRTOS_POSIX/FreeRTOS-Plus-POSIX/source/FreeRTOS_POSIX_pthread.c:123:13:prvRunThread	8	static
/home/christal/Documents/prog/Hands-On-RTOS-with-Microcontrollers/Middleware/Third_Party/FreeRTOS/FreeRTOS_POSIX/FreeRTOS-Plus-POSIX/source/FreeRTOS_POSIX_pthread.c:393:6:pthread_exit	8	static
/home/christal/Documents/prog/Hands-On-RTOS-with-Microcontrollers/Middleware/Third_Party/FreeRTOS/FreeRTOS_POSIX/FreeRTOS-Plus-POSIX/source/FreeRTOS_POSIX_pthread.c:406:5:pthread_join	24	static
/home/christal/Documents/prog/Hands-On-RTOS-with-Microcontrollers/Middleware/Third_Party/FreeRTOS/FreeRTOS_POSIX/FreeRTOS-Plus-POSIX/source/FreeRTOS_POSIX_pthread.c:487:5:pthread_setschedparam	16	static
