/home/christal/Documents/prog/Hands-On-RTOS-with-Microcontrollers/Middleware/Third_Party/FreeRTOS/FreeRTOS_POSIX/FreeRTOS-Plus-POSIX/source/FreeRTOS_POSIX_pthread_cond.c:84:13:prvTestAndDecrement	0	static,ignoring_inline_asm
/home/christal/Documents/prog/Hands-On-RTOS-with-Microcontrollers/Middleware/Third_Party/FreeRTOS/FreeRTOS_POSIX/FreeRTOS-Plus-POSIX/source/FreeRTOS_POSIX_pthread_cond.c:55:13:prvInitializeStaticCond	16	static
/home/christal/Documents/prog/Hands-On-RTOS-with-Microcontrollers/Middleware/Third_Party/FreeRTOS/FreeRTOS_POSIX/FreeRTOS-Plus-POSIX/source/FreeRTOS_POSIX_pthread_cond.c:105:5:pthread_cond_broadcast	16	static,ignoring_inline_asm
/home/christal/Documents/prog/Hands-On-RTOS-with-Microcontrollers/Middleware/Third_Party/FreeRTOS/FreeRTOS_POSIX/FreeRTOS-Plus-POSIX/source/FreeRTOS_POSIX_pthread_cond.c:141:5:pthread_cond_destroy	8	static
/home/christal/Documents/prog/Hands-On-RTOS-with-Microcontrollers/Middleware/Third_Party/FreeRTOS/FreeRTOS_POSIX/FreeRTOS-Plus-POSIX/source/FreeRTOS_POSIX_pthread_cond.c:153:5:pthread_cond_init	8	static
/home/christal/Documents/prog/Hands-On-RTOS-with-Microcontrollers/Middleware/Third_Party/FreeRTOS/FreeRTOS_POSIX/FreeRTOS-Plus-POSIX/source/FreeRTOS_POSIX_pthread_cond.c:182:5:pthread_cond_signal	8	static,ignoring_inline_asm
/home/christal/Documents/prog/Hands-On-RTOS-with-Microcontrollers/Middleware/Third_Party/FreeRTOS/FreeRTOS_POSIX/FreeRTOS-Plus-POSIX/source/FreeRTOS_POSIX_pthread_cond.c:215:5:pthread_cond_timedwait	48	static,ignoring_inline_asm
/home/christal/Documents/prog/Hands-On-RTOS-with-Microcontrollers/Middleware/Third_Party/FreeRTOS/FreeRTOS_POSIX/FreeRTOS-Plus-POSIX/source/FreeRTOS_POSIX_pthread_cond.c:290:5:pthread_cond_wait	0	static
