/home/christal/Documents/prog/Hands-On-RTOS-with-Microcontrollers/Middleware/Third_Party/FreeRTOS/FreeRTOS_POSIX/FreeRTOS-Plus-POSIX/source/FreeRTOS_POSIX_pthread_barrier.c:57:5:pthread_barrier_destroy	8	static
/home/christal/Documents/prog/Hands-On-RTOS-with-Microcontrollers/Middleware/Third_Party/FreeRTOS/FreeRTOS_POSIX/FreeRTOS-Plus-POSIX/source/FreeRTOS_POSIX_pthread_barrier.c:70:5:pthread_barrier_init	16	static
/home/christal/Documents/prog/Hands-On-RTOS-with-Microcontrollers/Middleware/Third_Party/FreeRTOS/FreeRTOS_POSIX/FreeRTOS-Plus-POSIX/source/FreeRTOS_POSIX_pthread_barrier.c:120:5:pthread_barrier_wait	16	static,ignoring_inline_asm
