/home/christal/Documents/prog/Hands-On-RTOS-with-Microcontrollers/Middleware/Third_Party/FreeRTOS/FreeRTOS_POSIX/FreeRTOS-Plus-POSIX/source/FreeRTOS_POSIX_semaphore.c:45:5:sem_destroy	8	static
/home/christal/Documents/prog/Hands-On-RTOS-with-Microcontrollers/Middleware/Third_Party/FreeRTOS/FreeRTOS_POSIX/FreeRTOS-Plus-POSIX/source/FreeRTOS_POSIX_semaphore.c:57:5:sem_getvalue	0	static
/home/christal/Documents/prog/Hands-On-RTOS-with-Microcontrollers/Middleware/Third_Party/FreeRTOS/FreeRTOS_POSIX/FreeRTOS-Plus-POSIX/source/FreeRTOS_POSIX_semaphore.c:74:5:sem_init	8	static
/home/christal/Documents/prog/Hands-On-RTOS-with-Microcontrollers/Middleware/Third_Party/FreeRTOS/FreeRTOS_POSIX/FreeRTOS-Plus-POSIX/source/FreeRTOS_POSIX_semaphore.c:109:5:sem_post	8	static,ignoring_inline_asm
/home/christal/Documents/prog/Hands-On-RTOS-with-Microcontrollers/Middleware/Third_Party/FreeRTOS/FreeRTOS_POSIX/FreeRTOS-Plus-POSIX/source/FreeRTOS_POSIX_semaphore.c:129:5:sem_timedwait	40	static,ignoring_inline_asm
/home/christal/Documents/prog/Hands-On-RTOS-with-Microcontrollers/Middleware/Third_Party/FreeRTOS/FreeRTOS_POSIX/FreeRTOS-Plus-POSIX/source/FreeRTOS_POSIX_semaphore.c:206:5:sem_trywait	24	static
/home/christal/Documents/prog/Hands-On-RTOS-with-Microcontrollers/Middleware/Third_Party/FreeRTOS/FreeRTOS_POSIX/FreeRTOS-Plus-POSIX/source/FreeRTOS_POSIX_semaphore.c:228:5:sem_wait	0	static
