/home/christal/Documents/prog/Hands-On-RTOS-with-Microcontrollers/BSP/Nucleo_F767ZI_GPIO.c:9:6:GreenOn	0	static
/home/christal/Documents/prog/Hands-On-RTOS-with-Microcontrollers/BSP/Nucleo_F767ZI_GPIO.c:10:6:GreenOff	0	static
/home/christal/Documents/prog/Hands-On-RTOS-with-Microcontrollers/BSP/Nucleo_F767ZI_GPIO.c:13:6:BlueOn	0	static
/home/christal/Documents/prog/Hands-On-RTOS-with-Microcontrollers/BSP/Nucleo_F767ZI_GPIO.c:14:6:BlueOff	0	static
/home/christal/Documents/prog/Hands-On-RTOS-with-Microcontrollers/BSP/Nucleo_F767ZI_GPIO.c:17:6:RedOn	0	static
/home/christal/Documents/prog/Hands-On-RTOS-with-Microcontrollers/BSP/Nucleo_F767ZI_GPIO.c:18:6:RedOff	0	static
/home/christal/Documents/prog/Hands-On-RTOS-with-Microcontrollers/BSP/Nucleo_F767ZI_GPIO.c:21:14:ReadPushButton	8	static
