Archive member included to satisfy reference by file (symbol)

/opt/st/stm32cubeide_1.16.0/plugins/com.st.stm32cube.ide.mcu.externaltools.gnu-tools-for-stm32.12.3.rel1.linux64_1.0.200.202406132123/tools/bin/../lib/gcc/arm-none-eabi/12.3.1/../../../../arm-none-eabi/lib/thumb/v7e-m+dp/hard/libc_nano.a(libc_a-assert.o)
                              ./Src/main_taskCreation_POSIX.o (__assert_func)
/opt/st/stm32cubeide_1.16.0/plugins/com.st.stm32cube.ide.mcu.externaltools.gnu-tools-for-stm32.12.3.rel1.linux64_1.0.200.202406132123/tools/bin/../lib/gcc/arm-none-eabi/12.3.1/../../../../arm-none-eabi/lib/thumb/v7e-m+dp/hard/libc_nano.a(libc_a-exit.o)
                              /opt/st/stm32cubeide_1.16.0/plugins/com.st.stm32cube.ide.mcu.externaltools.gnu-tools-for-stm32.12.3.rel1.linux64_1.0.200.202406132123/tools/bin/../lib/gcc/arm-none-eabi/12.3.1/../../../../arm-none-eabi/lib/thumb/v7e-m+dp/hard/crt0.o (exit)
/opt/st/stm32cubeide_1.16.0/plugins/com.st.stm32cube.ide.mcu.externaltools.gnu-tools-for-stm32.12.3.rel1.linux64_1.0.200.202406132123/tools/bin/../lib/gcc/arm-none-eabi/12.3.1/../../../../arm-none-eabi/lib/thumb/v7e-m+dp/hard/libc_nano.a(libc_a-findfp.o)
                              /opt/st/stm32cubeide_1.16.0/plugins/com.st.stm32cube.ide.mcu.externaltools.gnu-tools-for-stm32.12.3.rel1.linux64_1.0.200.202406132123/tools/bin/../lib/gcc/arm-none-eabi/12.3.1/../../../../arm-none-eabi/lib/thumb/v7e-m+dp/hard/libc_nano.a(libc_a-exit.o) (__stdio_exit_handler)
/opt/st/stm32cubeide_1.16.0/plugins/com.st.stm32cube.ide.mcu.externaltools.gnu-tools-for-stm32.12.3.rel1.linux64_1.0.200.202406132123/tools/bin/../lib/gcc/arm-none-eabi/12.3.1/../../../../arm-none-eabi/lib/thumb/v7e-m+dp/hard/libc_nano.a(libc_a-fprintf.o)
                              /opt/st/stm32cubeide_1.16.0/plugins/com.st.stm32cube.ide.mcu.externaltools.gnu-tools-for-stm32.12.3.rel1.linux64_1.0.200.202406132123/tools/bin/../lib/gcc/arm-none-eabi/12.3.1/../../../../arm-none-eabi/lib/thumb/v7e-m+dp/hard/libc_nano.a(libc_a-assert.o) (fiprintf)
/opt/st/stm32cubeide_1.16.0/plugins/com.st.stm32cube.ide.mcu.externaltools.gnu-tools-for-stm32.12.3.rel1.linux64_1.0.200.202406132123/tools/bin/../lib/gcc/arm-none-eabi/12.3.1/../../../../arm-none-eabi/lib/thumb/v7e-m+dp/hard/libc_nano.a(libc_a-fwalk.o)
                              /opt/st/stm32cubeide_1.16.0/plugins/com.st.stm32cube.ide.mcu.externaltools.gnu-tools-for-stm32.12.3.rel1.linux64_1.0.200.202406132123/tools/bin/../lib/gcc/arm-none-eabi/12.3.1/../../../../arm-none-eabi/lib/thumb/v7e-m+dp/hard/libc_nano.a(libc_a-findfp.o) (_fwalk_sglue)
/opt/st/stm32cubeide_1.16.0/plugins/com.st.stm32cube.ide.mcu.externaltools.gnu-tools-for-stm32.12.3.rel1.linux64_1.0.200.202406132123/tools/bin/../lib/gcc/arm-none-eabi/12.3.1/../../../../arm-none-eabi/lib/thumb/v7e-m+dp/hard/libc_nano.a(libc_a-sprintf.o)
                              ./Middleware/Third_Party/FreeRTOS/Source/tasks.o (sprintf)
/opt/st/stm32cubeide_1.16.0/plugins/com.st.stm32cube.ide.mcu.externaltools.gnu-tools-for-stm32.12.3.rel1.linux64_1.0.200.202406132123/tools/bin/../lib/gcc/arm-none-eabi/12.3.1/../../../../arm-none-eabi/lib/thumb/v7e-m+dp/hard/libc_nano.a(libc_a-stdio.o)
                              /opt/st/stm32cubeide_1.16.0/plugins/com.st.stm32cube.ide.mcu.externaltools.gnu-tools-for-stm32.12.3.rel1.linux64_1.0.200.202406132123/tools/bin/../lib/gcc/arm-none-eabi/12.3.1/../../../../arm-none-eabi/lib/thumb/v7e-m+dp/hard/libc_nano.a(libc_a-findfp.o) (__sread)
/opt/st/stm32cubeide_1.16.0/plugins/com.st.stm32cube.ide.mcu.externaltools.gnu-tools-for-stm32.12.3.rel1.linux64_1.0.200.202406132123/tools/bin/../lib/gcc/arm-none-eabi/12.3.1/../../../../arm-none-eabi/lib/thumb/v7e-m+dp/hard/libc_nano.a(libc_a-memcmp.o)
                              ./Middleware/Third_Party/SEGGER/SEGGER_SYSVIEW_FreeRTOS.o (memcmp)
/opt/st/stm32cubeide_1.16.0/plugins/com.st.stm32cube.ide.mcu.externaltools.gnu-tools-for-stm32.12.3.rel1.linux64_1.0.200.202406132123/tools/bin/../lib/gcc/arm-none-eabi/12.3.1/../../../../arm-none-eabi/lib/thumb/v7e-m+dp/hard/libc_nano.a(libc_a-memset.o)
                              /opt/st/stm32cubeide_1.16.0/plugins/com.st.stm32cube.ide.mcu.externaltools.gnu-tools-for-stm32.12.3.rel1.linux64_1.0.200.202406132123/tools/bin/../lib/gcc/arm-none-eabi/12.3.1/../../../../arm-none-eabi/lib/thumb/v7e-m+dp/hard/crt0.o (memset)
/opt/st/stm32cubeide_1.16.0/plugins/com.st.stm32cube.ide.mcu.externaltools.gnu-tools-for-stm32.12.3.rel1.linux64_1.0.200.202406132123/tools/bin/../lib/gcc/arm-none-eabi/12.3.1/../../../../arm-none-eabi/lib/thumb/v7e-m+dp/hard/libc_nano.a(libc_a-strncpy.o)
                              ./Middleware/Third_Party/FreeRTOS/FreeRTOS_POSIX/FreeRTOS-Plus-POSIX/source/FreeRTOS_POSIX_mqueue.o (strncpy)
[...]
Memory Configuration

Name             Origin             Length             Attributes
RAM              0x20000000         0x00080000         xrw
FLASH            0x08000000         0x00200000         xr
*default*        0x00000000         0xffffffff

Linker script and memory map

LOAD /opt/st/stm32cubeide_1.16.0/plugins/com.st.stm32cube.ide.mcu.externaltools.gnu-tools-for-stm32.12.3.rel1.linux64_1.0.200.202406132123/tools/bin/../lib/gcc/arm-none-eabi/12.3.1/thumb/v7e-m+dp/hard/crti.o
LOAD /opt/st/stm32cubeide_1.16.0/plugins/com.st.stm32cube.ide.mcu.externaltools.gnu-tools-for-stm32.12.3.rel1.linux64_1.0.200.202406132123/tools/bin/../lib/gcc/arm-none-eabi/12.3.1/thumb/v7e-m+dp/hard/crtbegin.o
LOAD /opt/st/stm32cubeide_1.16.0/plugins/com.st.stm32cube.ide.mcu.externaltools.gnu-tools-for-stm32.12.3.rel1.linux64_1.0.200.202406132123/tools/bin/../lib/gcc/arm-none-eabi/12.3.1/../../../../arm-none-eabi/lib/thumb/v7e-m+dp/hard/crt0.o
LOAD ./BSP/ADC1.o
LOAD ./BSP/Nucleo_F767ZI_GPIO.o
LOAD ./BSP/Nucleo_F767ZI_Init.o
LOAD ./BSP/UartQuickDirtyInit.o
LOAD ./Drivers/STM32F7xx_HAL_Driver/Inc/stm32f7xx_hal_adc.o
LOAD ./Drivers/STM32F7xx_HAL_Driver/Inc/stm32f7xx_hal_adc_ex.o
LOAD ./Drivers/STM32F7xx_HAL_Driver/Src/stm32f7xx_hal.o
LOAD ./Drivers/STM32F7xx_HAL_Driver/Src/stm32f7xx_hal_cortex.o
LOAD ./Drivers/STM32F7xx_HAL_Driver/Src/stm32f7xx_hal_dma.o
LOAD ./Drivers/STM32F7xx_HAL_Driver/Src/stm32f7xx_hal_dma_ex.o
LOAD ./Drivers/STM32F7xx_HAL_Driver/Src/stm32f7xx_hal_eth.o
LOAD ./Drivers/STM32F7xx_HAL_Driver/Src/stm32f7xx_hal_exti.o
LOAD ./Drivers/STM32F7xx_HAL_Driver/Src/stm32f7xx_hal_flash.o
LOAD ./Drivers/STM32F7xx_HAL_Driver/Src/stm32f7xx_hal_flash_ex.o
LOAD ./Drivers/STM32F7xx_HAL_Driver/Src/stm32f7xx_hal_gpio.o
LOAD ./Drivers/STM32F7xx_HAL_Driver/Src/stm32f7xx_hal_i2c.o
LOAD ./Drivers/STM32F7xx_HAL_Driver/Src/stm32f7xx_hal_i2c_ex.o
LOAD ./Drivers/STM32F7xx_HAL_Driver/Src/stm32f7xx_hal_pcd.o
LOAD ./Drivers/STM32F7xx_HAL_Driver/Src/stm32f7xx_hal_pcd_ex.o
LOAD ./Drivers/STM32F7xx_HAL_Driver/Src/stm32f7xx_hal_pwr.o
LOAD ./Drivers/STM32F7xx_HAL_Driver/Src/stm32f7xx_hal_pwr_ex.o
LOAD ./Drivers/STM32F7xx_HAL_Driver/Src/stm32f7xx_hal_rcc.o
LOAD ./Drivers/STM32F7xx_HAL_Driver/Src/stm32f7xx_hal_rcc_ex.o
LOAD ./Drivers/STM32F7xx_HAL_Driver/Src/stm32f7xx_hal_tim.o
LOAD ./Drivers/STM32F7xx_HAL_Driver/Src/stm32f7xx_hal_tim_ex.o
LOAD ./Drivers/STM32F7xx_HAL_Driver/Src/stm32f7xx_hal_uart.o
LOAD ./Drivers/STM32F7xx_HAL_Driver/Src/stm32f7xx_hal_uart_ex.o
LOAD ./Drivers/STM32F7xx_HAL_Driver/Src/stm32f7xx_ll_usb.o
LOAD ./Middleware/Third_Party/FreeRTOS/FreeRTOS_POSIX/FreeRTOS-Plus-POSIX/source/FreeRTOS_POSIX_clock.o
LOAD ./Middleware/Third_Party/FreeRTOS/FreeRTOS_POSIX/FreeRTOS-Plus-POSIX/source/FreeRTOS_POSIX_mqueue.o
LOAD ./Middleware/Third_Party/FreeRTOS/FreeRTOS_POSIX/FreeRTOS-Plus-POSIX/source/FreeRTOS_POSIX_pthread.o
LOAD ./Middleware/Third_Party/FreeRTOS/FreeRTOS_POSIX/FreeRTOS-Plus-POSIX/source/FreeRTOS_POSIX_pthread_barrier.o
LOAD ./Middleware/Third_Party/FreeRTOS/FreeRTOS_POSIX/FreeRTOS-Plus-POSIX/source/FreeRTOS_POSIX_pthread_cond.o
LOAD ./Middleware/Third_Party/FreeRTOS/FreeRTOS_POSIX/FreeRTOS-Plus-POSIX/source/FreeRTOS_POSIX_pthread_mutex.o
LOAD ./Middleware/Third_Party/FreeRTOS/FreeRTOS_POSIX/FreeRTOS-Plus-POSIX/source/FreeRTOS_POSIX_sched.o
LOAD ./Middleware/Third_Party/FreeRTOS/FreeRTOS_POSIX/FreeRTOS-Plus-POSIX/source/FreeRTOS_POSIX_semaphore.o
LOAD ./Middleware/Third_Party/FreeRTOS/FreeRTOS_POSIX/FreeRTOS-Plus-POSIX/source/FreeRTOS_POSIX_timer.o
LOAD ./Middleware/Third_Party/FreeRTOS/FreeRTOS_POSIX/FreeRTOS-Plus-POSIX/source/FreeRTOS_POSIX_unistd.o
LOAD ./Middleware/Third_Party/FreeRTOS/FreeRTOS_POSIX/FreeRTOS-Plus-POSIX/source/FreeRTOS_POSIX_utils.o
LOAD ./Middleware/Third_Party/FreeRTOS/Source/CMSIS_RTOS_V2/cmsis_os2.o
LOAD ./Middleware/Third_Party/FreeRTOS/Source/croutine.o
LOAD ./Middleware/Third_Party/FreeRTOS/Source/event_groups.o
LOAD ./Middleware/Third_Party/FreeRTOS/Source/list.o
LOAD ./Middleware/Third_Party/FreeRTOS/Source/queue.o
LOAD ./Middleware/Third_Party/FreeRTOS/Source/stream_buffer.o
LOAD ./Middleware/Third_Party/FreeRTOS/Source/tasks.o
LOAD ./Middleware/Third_Party/FreeRTOS/Source/timers.o
LOAD ./Middleware/Third_Party/FreeRTOS/Source/portable/GCC/ARM_CM7/r0p1/port.o
LOAD ./Middleware/Third_Party/FreeRTOS/Source/portable/MemMang/heap_4.o
LOAD ./Middleware/Third_Party/SEGGER/SEGGER_RTT.o
LOAD ./Middleware/Third_Party/SEGGER/SEGGER_RTT_ASM_ARMv7M.o
LOAD ./Middleware/Third_Party/SEGGER/SEGGER_RTT_Syscalls_GCC.o
LOAD ./Middleware/Third_Party/SEGGER/SEGGER_RTT_Syscalls_IAR.o
LOAD ./Middleware/Third_Party/SEGGER/SEGGER_RTT_Syscalls_KEIL.o
LOAD ./Middleware/Third_Party/SEGGER/SEGGER_RTT_Syscalls_SES.o
LOAD ./Middleware/Third_Party/SEGGER/SEGGER_RTT_printf.o
LOAD ./Middleware/Third_Party/SEGGER/SEGGER_SYSVIEW.o
LOAD ./Middleware/Third_Party/SEGGER/SEGGER_SYSVIEW_Config_FreeRTOS.o
LOAD ./Middleware/Third_Party/SEGGER/SEGGER_SYSVIEW_FreeRTOS.o
LOAD ./Src/main_taskCreation_POSIX.o
LOAD ./Src/stm32f7xx_hal_msp.o
LOAD ./Src/stm32f7xx_it.o
LOAD ./Src/system_stm32f7xx.o
LOAD ./startup/startup_stm32f767xx.o
START GROUP
LOAD /opt/st/stm32cubeide_1.16.0/plugins/com.st.stm32cube.ide.mcu.externaltools.gnu-tools-for-stm32.12.3.rel1.linux64_1.0.200.202406132123/tools/bin/../lib/gcc/arm-none-eabi/12.3.1/../../../../arm-none-eabi/lib/thumb/v7e-m+dp/hard/libc_nano.a
LOAD /opt/st/stm32cubeide_1.16.0/plugins/com.st.stm32cube.ide.mcu.externaltools.gnu-tools-for-stm32.12.3.rel1.linux64_1.0.200.202406132123/tools/bin/../lib/gcc/arm-none-eabi/12.3.1/../../../../arm-none-eabi/lib/thumb/v7e-m+dp/hard/libm.a
END GROUP
START GROUP
LOAD /opt/st/stm32cubeide_1.16.0/plugins/com.st.stm32cube.ide.mcu.externaltools.gnu-tools-for-stm32.12.3.rel1.linux64_1.0.200.202406132123/tools/bin/../lib/gcc/arm-none-eabi/12.3.1/thumb/v7e-m+dp/hard/libgcc.a
LOAD /opt/st/stm32cubeide_1.16.0/plugins/com.st.stm32cube.ide.mcu.externaltools.gnu-tools-for-stm32.12.3.rel1.linux64_1.0.200.202406132123/tools/bin/../lib/gcc/arm-none-eabi/12.3.1/../../../../arm-none-eabi/lib/thumb/v7e-m+dp/hard/libc_nano.a
END GROUP
START GROUP
LOAD /opt/st/stm32cubeide_1.16.0/plugins/com.st.stm32cube.ide.mcu.externaltools.gnu-tools-for-stm32.12.3.rel1.linux64_1.0.200.202406132123/tools/bin/../lib/gcc/arm-none-eabi/12.3.1/thumb/v7e-m+dp/hard/libgcc.a
LOAD /opt/st/stm32cubeide_1.16.0/plugins/com.st.stm32cube.ide.mcu.externaltools.gnu-tools-for-stm32.12.3.rel1.linux64_1.0.200.202406132123/tools/bin/../lib/gcc/arm-none-eabi/12.3.1/../../../../arm-none-eabi/lib/thumb/v7e-m+dp/hard/libc_nano.a
LOAD /opt/st/stm32cubeide_1.16.0/plugins/com.st.stm32cube.ide.mcu.externaltools.gnu-tools-for-stm32.12.3.rel1.linux64_1.0.200.202406132123/tools/bin/../lib/gcc/arm-none-eabi/12.3.1/../../../../arm-none-eabi/lib/thumb/v7e-m+dp/hard/libnosys.a
END GROUP
START GROUP
LOAD /opt/st/stm32cubeide_1.16.0/plugins/com.st.stm32cube.ide.mcu.externaltools.gnu-tools-for-stm32.12.3.rel1.linux64_1.0.200.202406132123/tools/bin/../lib/gcc/arm-none-eabi/12.3.1/thumb/v7e-m+dp/hard/libgcc.a
LOAD /opt/st/stm32cubeide_1.16.0/plugins/com.st.stm32cube.ide.mcu.externaltools.gnu-tools-for-stm32.12.3.rel1.linux64_1.0.200.202406132123/tools/bin/../lib/gcc/arm-none-eabi/12.3.1/../../../../arm-none-eabi/lib/thumb/v7e-m+dp/hard/libc_nano.a
LOAD /opt/st/stm32cubeide_1.16.0/plugins/com.st.stm32cube.ide.mcu.externaltools.gnu-tools-for-stm32.12.3.rel1.linux64_1.0.200.202406132123/tools/bin/../lib/gcc/arm-none-eabi/12.3.1/../../../../arm-none-eabi/lib/thumb/v7e-m+dp/hard/libnosys.a
END GROUP
LOAD /opt/st/stm32cubeide_1.16.0/plugins/com.st.stm32cube.ide.mcu.externaltools.gnu-tools-for-stm32.12.3.rel1.linux64_1.0.200.202406132123/tools/bin/../lib/gcc/arm-none-eabi/12.3.1/thumb/v7e-m+dp/hard/crtend.o
LOAD /opt/st/stm32cubeide_1.16.0/plugins/com.st.stm32cube.ide.mcu.externaltools.gnu-tools-for-stm32.12.3.rel1.linux64_1.0.200.202406132123/tools/bin/../lib/gcc/arm-none-eabi/12.3.1/thumb/v7e-m+dp/hard/crtn.o
                0x20080000                        _estack = 0x20080000
                0x00000200                        _Min_Heap_Size = 0x200
                0x00000400                        _Min_Stack_Size = 0x400

.isr_vector     0x08000000      0x1f8
                0x08000000                        . = ALIGN (0x4)
 *(.isr_vector)
 .isr_vector    0x08000000      0x1f8 ./startup/startup_stm32f767xx.o
                0x08000000                g_pfnVectors
                0x080001f8                        . = ALIGN (0x4)

.text           0x08000200     0x5810
                0x08000200                        . = ALIGN (0x4)
 *(.text)
 .text          0x08000200       0x40 /opt/st/stm32cubeide_1.16.0/plugins/com.st.stm32cube.ide.mcu.externaltools.gnu-tools-for-stm32.12.3.rel1.linux64_1.0.200.202406132123/tools/bin/../lib/gcc/arm-none-eabi/12.3.1/thumb/v7e-m+dp/hard/crtbegin.o
 .text          0x08000240       0x8c ./Middleware/Third_Party/SEGGER/SEGGER_RTT_ASM_ARMv7M.o
                0x08000240                SEGGER_RTT_ASM_WriteSkipNoLock
 .text          0x080002cc       0x10 /opt/st/stm32cubeide_1.16.0/plugins/com.st.stm32cube.ide.mcu.externaltools.gnu-tools-for-stm32.12.3.rel1.linux64_1.0.200.202406132123/tools/bin/../lib/gcc/arm-none-eabi/12.3.1/../../../../arm-none-eabi/lib/thumb/v7e-m+dp/hard/libc_nano.a(libc_a-strlen.o)
                0x080002cc                strlen
 *fill*         0x080002dc        0x4 
 .text          0x080002e0       0xa0 /opt/st/stm32cubeide_1.16.0/plugins/com.st.stm32cube.ide.mcu.externaltools.gnu-tools-for-stm32.12.3.rel1.linux64_1.0.200.202406132123/tools/bin/../lib/gcc/arm-none-eabi/12.3.1/../../../../arm-none-eabi/lib/thumb/v7e-m+dp/hard/libc_nano.a(libc_a-memchr.o)
                0x080002e0                memchr
 .text          0x08000380       0x30 /opt/st/stm32cubeide_1.16.0/plugins/com.st.stm32cube.ide.mcu.externaltools.gnu-tools-for-stm32.12.3.rel1.linux64_1.0.200.202406132123/tools/bin/../lib/gcc/arm-none-eabi/12.3.1/thumb/v7e-m+dp/hard/libgcc.a(_aeabi_uldivmod.o)
                0x08000380                __aeabi_uldivmod
 .text          0x080003b0      0x2bc /opt/st/stm32cubeide_1.16.0/plugins/com.st.stm32cube.ide.mcu.externaltools.gnu-tools-for-stm32.12.3.rel1.linux64_1.0.200.202406132123/tools/bin/../lib/gcc/arm-none-eabi/12.3.1/thumb/v7e-m+dp/hard/libgcc.a(_udivmoddi4.o)
                0x080003b0                __udivmoddi4
 .text          0x0800066c        0x4 /opt/st/stm32cubeide_1.16.0/plugins/com.st.stm32cube.ide.mcu.externaltools.gnu-tools-for-stm32.12.3.rel1.linux64_1.0.200.202406132123/tools/bin/../lib/gcc/arm-none-eabi/12.3.1/thumb/v7e-m+dp/hard/libgcc.a(_dvmd_tls.o)
                0x0800066c                __aeabi_ldiv0
                0x0800066c                __aeabi_idiv0
 *(.text*)
 .text.GreenOn  0x08000670       0x10 ./BSP/Nucleo_F767ZI_GPIO.o
                0x08000670                GreenOn
 .text.GreenOff
                0x08000680       0x10 ./BSP/Nucleo_F767ZI_GPIO.o
                0x08000680                GreenOff
 .text.RedOn    0x08000690       0x10 ./BSP/Nucleo_F767ZI_GPIO.o
                0x08000690                RedOn
 .text.RedOff   0x080006a0       0x10 ./BSP/Nucleo_F767ZI_GPIO.o
                0x080006a0                RedOff
 .text.SystemClock_Config
                0x080006b0       0xc0 ./BSP/Nucleo_F767ZI_Init.o
                0x080006b0                SystemClock_Config
 .text.HWInit   0x08000770      0x12c ./BSP/Nucleo_F767ZI_Init.o
                0x08000770                HWInit
 .text.assert_failed
                0x0800089c       0x14 ./BSP/Nucleo_F767ZI_Init.o
                0x0800089c                assert_failed
 .text.HAL_InitTick
                0x080008b0       0x48 ./Drivers/STM32F7xx_HAL_Driver/Src/stm32f7xx_hal.o
                0x080008b0                HAL_InitTick
 .text.HAL_Init
                0x080008f8       0x16 ./Drivers/STM32F7xx_HAL_Driver/Src/stm32f7xx_hal.o
                0x080008f8                HAL_Init
 *fill*         0x0800090e        0x2 
 .text.HAL_IncTick
                0x08000910       0x18 ./Drivers/STM32F7xx_HAL_Driver/Src/stm32f7xx_hal.o
                0x08000910                HAL_IncTick
 .text.HAL_GetTick
                0x08000928        0xc ./Drivers/STM32F7xx_HAL_Driver/Src/stm32f7xx_hal.o
                0x08000928                HAL_GetTick
 .text.HAL_NVIC_SetPriorityGrouping
                0x08000934       0x3c ./Drivers/STM32F7xx_HAL_Driver/Src/stm32f7xx_hal_cortex.o
                0x08000934                HAL_NVIC_SetPriorityGrouping
 .text.HAL_NVIC_SetPriority
                0x08000970       0x88 ./Drivers/STM32F7xx_HAL_Driver/Src/stm32f7xx_hal_cortex.o
                0x08000970                HAL_NVIC_SetPriority
 .text.HAL_SYSTICK_Config
                0x080009f8       0x28 ./Drivers/STM32F7xx_HAL_Driver/Src/stm32f7xx_hal_cortex.o
                0x080009f8                HAL_SYSTICK_Config
 .text.HAL_GPIO_Init
                0x08000a20      0x2b8 ./Drivers/STM32F7xx_HAL_Driver/Src/stm32f7xx_hal_gpio.o
                0x08000a20                HAL_GPIO_Init
 .text.HAL_GPIO_WritePin
                0x08000cd8       0x34 ./Drivers/STM32F7xx_HAL_Driver/Src/stm32f7xx_hal_gpio.o
                0x08000cd8                HAL_GPIO_WritePin
 .text.HAL_PWR_EnableBkUpAccess
                0x08000d0c       0x10 ./Drivers/STM32F7xx_HAL_Driver/Src/stm32f7xx_hal_pwr.o
                0x08000d0c                HAL_PWR_EnableBkUpAccess
 .text.HAL_PWREx_EnableOverDrive
                0x08000d1c       0x70 ./Drivers/STM32F7xx_HAL_Driver/Src/stm32f7xx_hal_pwr_ex.o
                0x08000d1c                HAL_PWREx_EnableOverDrive
 .text.HAL_RCC_OscConfig
                0x08000d8c      0x434 ./Drivers/STM32F7xx_HAL_Driver/Src/stm32f7xx_hal_rcc.o
                0x08000d8c                HAL_RCC_OscConfig
 .text.HAL_RCC_GetSysClockFreq
                0x080011c0       0x5c ./Drivers/STM32F7xx_HAL_Driver/Src/stm32f7xx_hal_rcc.o
                0x080011c0                HAL_RCC_GetSysClockFreq
 .text.HAL_RCC_ClockConfig
                0x0800121c      0x1ec ./Drivers/STM32F7xx_HAL_Driver/Src/stm32f7xx_hal_rcc.o
                0x0800121c                HAL_RCC_ClockConfig
 .text.HAL_RCCEx_PeriphCLKConfig
                0x08001408      0x8f4 ./Drivers/STM32F7xx_HAL_Driver/Src/stm32f7xx_hal_rcc_ex.o
                0x08001408                HAL_RCCEx_PeriphCLKConfig
 .text.pthread_create
                0x08001cfc       0xa0 ./Middleware/Third_Party/FreeRTOS/FreeRTOS_POSIX/FreeRTOS-Plus-POSIX/source/FreeRTOS_POSIX_pthread.o
                0x08001cfc                pthread_create
 .text.pthread_self
                0x08001d9c        0x6 ./Middleware/Third_Party/FreeRTOS/FreeRTOS_POSIX/FreeRTOS-Plus-POSIX/source/FreeRTOS_POSIX_pthread.o
                0x08001d9c                pthread_self
 .text.prvExitThread
                0x08001da2       0x32 ./Middleware/Third_Party/FreeRTOS/FreeRTOS_POSIX/FreeRTOS-Plus-POSIX/source/FreeRTOS_POSIX_pthread.o
 .text.prvRunThread
                0x08001dd4       0x16 ./Middleware/Third_Party/FreeRTOS/FreeRTOS_POSIX/FreeRTOS-Plus-POSIX/source/FreeRTOS_POSIX_pthread.o
 *fill*         0x08001dea        0x2 
 .text.sleep    0x08001dec       0x1c ./Middleware/Third_Party/FreeRTOS/FreeRTOS_POSIX/FreeRTOS-Plus-POSIX/source/FreeRTOS_POSIX_unistd.o
                0x08001dec                sleep
 .text.vApplicationIdleHook
                0x08001e08        0x2 ./Middleware/Third_Party/FreeRTOS/Source/CMSIS_RTOS_V2/cmsis_os2.o
                0x08001e08                vApplicationIdleHook
 .text.vApplicationTickHook
                0x08001e0a        0x2 ./Middleware/Third_Party/FreeRTOS/Source/CMSIS_RTOS_V2/cmsis_os2.o
                0x08001e0a                vApplicationTickHook
 .text.vApplicationGetIdleTaskMemory
                0x08001e0c       0x18 ./Middleware/Third_Party/FreeRTOS/Source/CMSIS_RTOS_V2/cmsis_os2.o
                0x08001e0c                vApplicationGetIdleTaskMemory
 .text.vApplicationGetTimerTaskMemory
                0x08001e24       0x18 ./Middleware/Third_Party/FreeRTOS/Source/CMSIS_RTOS_V2/cmsis_os2.o
                0x08001e24                vApplicationGetTimerTaskMemory
 .text.vListInitialise
                0x08001e3c       0x16 ./Middleware/Third_Party/FreeRTOS/Source/list.o
                0x08001e3c                vListInitialise
 .text.vListInitialiseItem
                0x08001e52        0x6 ./Middleware/Third_Party/FreeRTOS/Source/list.o
                0x08001e52                vListInitialiseItem
 .text.vListInsertEnd
                0x08001e58       0x16 ./Middleware/Third_Party/FreeRTOS/Source/list.o
                0x08001e58                vListInsertEnd
 .text.vListInsert
                0x08001e6e       0x2e ./Middleware/Third_Party/FreeRTOS/Source/list.o
                0x08001e6e                vListInsert
 .text.uxListRemove
                0x08001e9c       0x20 ./Middleware/Third_Party/FreeRTOS/Source/list.o
                0x08001e9c                uxListRemove
 .text.prvIsQueueEmpty
                0x08001ebc       0x16 ./Middleware/Third_Party/FreeRTOS/Source/queue.o
 .text.prvCopyDataToQueue
                0x08001ed2       0x66 ./Middleware/Third_Party/FreeRTOS/Source/queue.o
 .text.prvCopyDataFromQueue
                0x08001f38       0x2a ./Middleware/Third_Party/FreeRTOS/Source/queue.o
 .text.prvUnlockQueue
                0x08001f62       0x70 ./Middleware/Third_Party/FreeRTOS/Source/queue.o
 .text.xQueueGenericReset
                0x08001fd2       0x82 ./Middleware/Third_Party/FreeRTOS/Source/queue.o
                0x08001fd2                xQueueGenericReset
 .text.xQueueGenericCreateStatic.part.0
                0x08002054       0xa6 ./Middleware/Third_Party/FreeRTOS/Source/queue.o
 .text.xQueueGenericCreateStatic
                0x080020fa       0x28 ./Middleware/Third_Party/FreeRTOS/Source/queue.o
                0x080020fa                xQueueGenericCreateStatic
 .text.xQueueGenericSend
                0x08002122      0x19e ./Middleware/Third_Party/FreeRTOS/Source/queue.o
                0x08002122                xQueueGenericSend
 .text.xQueueCreateMutexStatic
                0x080022c0       0x2a ./Middleware/Third_Party/FreeRTOS/Source/queue.o
                0x080022c0                xQueueCreateMutexStatic
 .text.xQueueGenericSendFromISR
                0x080022ea       0xe8 ./Middleware/Third_Party/FreeRTOS/Source/queue.o
                0x080022ea                xQueueGenericSendFromISR
 .text.xQueueReceive
                0x080023d2      0x188 ./Middleware/Third_Party/FreeRTOS/Source/queue.o
                0x080023d2                xQueueReceive
 *fill*         0x0800255a        0x2 
 .text.vQueueAddToRegistry
                0x0800255c       0x38 ./Middleware/Third_Party/FreeRTOS/Source/queue.o
                0x0800255c                vQueueAddToRegistry
 .text.vQueueWaitForMessageRestricted
                0x08002594       0x46 ./Middleware/Third_Party/FreeRTOS/Source/queue.o
                0x08002594                vQueueWaitForMessageRestricted
 *fill*         0x080025da        0x2 
 .text.prvAddNewTaskToReadyList
                0x080025dc      0x120 ./Middleware/Third_Party/FreeRTOS/Source/tasks.o
 .text.prvAddCurrentTaskToDelayedList
                0x080026fc       0x88 ./Middleware/Third_Party/FreeRTOS/Source/tasks.o
 .text.prvResetNextTaskUnblockTime
                0x08002784       0x24 ./Middleware/Third_Party/FreeRTOS/Source/tasks.o
 .text.prvDeleteTCB
                0x080027a8       0x3a ./Middleware/Third_Party/FreeRTOS/Source/tasks.o
 *fill*         0x080027e2        0x2 
 .text.prvIdleTask
                0x080027e4       0x64 ./Middleware/Third_Party/FreeRTOS/Source/tasks.o
 .text.prvInitialiseNewTask.constprop.0
                0x08002848       0x9a ./Middleware/Third_Party/FreeRTOS/Source/tasks.o
 .text.xTaskCreateStatic
                0x080028e2       0x7c ./Middleware/Third_Party/FreeRTOS/Source/tasks.o
                0x080028e2                xTaskCreateStatic
 .text.xTaskCreate
                0x0800295e       0x5c ./Middleware/Third_Party/FreeRTOS/Source/tasks.o
                0x0800295e                xTaskCreate
 *fill*         0x080029ba        0x2 
 .text.vTaskDelete
                0x080029bc       0xc8 ./Middleware/Third_Party/FreeRTOS/Source/tasks.o
                0x080029bc                vTaskDelete
 .text.vTaskStartScheduler
                0x08002a84       0xb8 ./Middleware/Third_Party/FreeRTOS/Source/tasks.o
                0x08002a84                vTaskStartScheduler
 .text.vTaskSuspendAll
                0x08002b3c       0x10 ./Middleware/Third_Party/FreeRTOS/Source/tasks.o
                0x08002b3c                vTaskSuspendAll
 .text.xTaskGetTickCount
                0x08002b4c        0xc ./Middleware/Third_Party/FreeRTOS/Source/tasks.o
                0x08002b4c                xTaskGetTickCount
 .text.xTaskIncrementTick
                0x08002b58      0x140 ./Middleware/Third_Party/FreeRTOS/Source/tasks.o
                0x08002b58                xTaskIncrementTick
 .text.xTaskResumeAll
                0x08002c98       0xf4 ./Middleware/Third_Party/FreeRTOS/Source/tasks.o
                0x08002c98                xTaskResumeAll
 .text.vTaskDelay
                0x08002d8c       0x5c ./Middleware/Third_Party/FreeRTOS/Source/tasks.o
                0x08002d8c                vTaskDelay
 .text.vTaskSetApplicationTaskTag
                0x08002de8       0x20 ./Middleware/Third_Party/FreeRTOS/Source/tasks.o
                0x08002de8                vTaskSetApplicationTaskTag
 .text.xTaskGetApplicationTaskTag
                0x08002e08       0x1c ./Middleware/Third_Party/FreeRTOS/Source/tasks.o
                0x08002e08                xTaskGetApplicationTaskTag
 .text.vTaskSwitchContext
                0x08002e24       0xa8 ./Middleware/Third_Party/FreeRTOS/Source/tasks.o
                0x08002e24                vTaskSwitchContext
 .text.vTaskSuspend
                0x08002ecc       0xcc ./Middleware/Third_Party/FreeRTOS/Source/tasks.o
                0x08002ecc                vTaskSuspend
 .text.vTaskPlaceOnEventList
                0x08002f98       0x38 ./Middleware/Third_Party/FreeRTOS/Source/tasks.o
                0x08002f98                vTaskPlaceOnEventList
 .text.vTaskPlaceOnEventListRestricted
                0x08002fd0       0x48 ./Middleware/Third_Party/FreeRTOS/Source/tasks.o
                0x08002fd0                vTaskPlaceOnEventListRestricted
 .text.xTaskRemoveFromEventList
                0x08003018       0x8c ./Middleware/Third_Party/FreeRTOS/Source/tasks.o
                0x08003018                xTaskRemoveFromEventList
 .text.vTaskInternalSetTimeOutState
                0x080030a4       0x18 ./Middleware/Third_Party/FreeRTOS/Source/tasks.o
                0x080030a4                vTaskInternalSetTimeOutState
 .text.xTaskCheckForTimeOut
                0x080030bc       0x80 ./Middleware/Third_Party/FreeRTOS/Source/tasks.o
                0x080030bc                xTaskCheckForTimeOut
 .text.vTaskMissedYield
                0x0800313c        0xc ./Middleware/Third_Party/FreeRTOS/Source/tasks.o
                0x0800313c                vTaskMissedYield
 .text.xTaskGetSchedulerState
                0x08003148       0x20 ./Middleware/Third_Party/FreeRTOS/Source/tasks.o
                0x08003148                xTaskGetSchedulerState
 .text.xTaskPriorityDisinherit
                0x08003168       0x94 ./Middleware/Third_Party/FreeRTOS/Source/tasks.o
                0x08003168                xTaskPriorityDisinherit
 .text.prvInsertTimerInActiveList
                0x080031fc       0x3c ./Middleware/Third_Party/FreeRTOS/Source/timers.o
 .text.prvCheckForValidListAndQueue
                0x08003238       0x68 ./Middleware/Third_Party/FreeRTOS/Source/timers.o
 .text.xTimerCreateTimerTask
                0x080032a0       0x68 ./Middleware/Third_Party/FreeRTOS/Source/timers.o
                0x080032a0                xTimerCreateTimerTask
 .text.xTimerGenericCommand
                0x08003308       0x58 ./Middleware/Third_Party/FreeRTOS/Source/timers.o
                0x08003308                xTimerGenericCommand
 .text.prvSampleTimeNow
                0x08003360       0xa8 ./Middleware/Third_Party/FreeRTOS/Source/timers.o
 .text.prvTimerTask
                0x08003408      0x1d8 ./Middleware/Third_Party/FreeRTOS/Source/timers.o
 .text.prvPortStartFirstTask
                0x080035e0       0x28 ./Middleware/Third_Party/FreeRTOS/Source/portable/GCC/ARM_CM7/r0p1/port.o
 .text.vPortEnableVFP
                0x08003608       0x14 ./Middleware/Third_Party/FreeRTOS/Source/portable/GCC/ARM_CM7/r0p1/port.o
 .text.prvTaskExitError
                0x0800361c       0x48 ./Middleware/Third_Party/FreeRTOS/Source/portable/GCC/ARM_CM7/r0p1/port.o
 .text.pxPortInitialiseStack
                0x08003664       0x24 ./Middleware/Third_Party/FreeRTOS/Source/portable/GCC/ARM_CM7/r0p1/port.o
                0x08003664                pxPortInitialiseStack
 *fill*         0x08003688        0x8 
 .text.SVC_Handler
                0x08003690       0x24 ./Middleware/Third_Party/FreeRTOS/Source/portable/GCC/ARM_CM7/r0p1/port.o
                0x08003690                SVC_Handler
 .text.vPortEnterCritical
                0x080036b4       0x48 ./Middleware/Third_Party/FreeRTOS/Source/portable/GCC/ARM_CM7/r0p1/port.o
                0x080036b4                vPortEnterCritical
 .text.vPortExitCritical
                0x080036fc       0x2c ./Middleware/Third_Party/FreeRTOS/Source/portable/GCC/ARM_CM7/r0p1/port.o
                0x080036fc                vPortExitCritical
 *fill*         0x08003728        0x8 
 .text.PendSV_Handler
                0x08003730       0x64 ./Middleware/Third_Party/FreeRTOS/Source/portable/GCC/ARM_CM7/r0p1/port.o
                0x08003730                PendSV_Handler
 .text.xPortSysTickHandler
                0x08003794       0x3a ./Middleware/Third_Party/FreeRTOS/Source/portable/GCC/ARM_CM7/r0p1/port.o
                0x08003794                xPortSysTickHandler
 *fill*         0x080037ce        0x2 
 .text.vPortSetupTimerInterrupt
                0x080037d0       0x24 ./Middleware/Third_Party/FreeRTOS/Source/portable/GCC/ARM_CM7/r0p1/port.o
                0x080037d0                vPortSetupTimerInterrupt
 .text.xPortStartScheduler
                0x080037f4       0xc4 ./Middleware/Third_Party/FreeRTOS/Source/portable/GCC/ARM_CM7/r0p1/port.o
                0x080037f4                xPortStartScheduler
 .text.vPortValidateInterruptPriority
                0x080038b8       0x64 ./Middleware/Third_Party/FreeRTOS/Source/portable/GCC/ARM_CM7/r0p1/port.o
                0x080038b8                vPortValidateInterruptPriority
 .text.prvInsertBlockIntoFreeList
                0x0800391c       0x4c ./Middleware/Third_Party/FreeRTOS/Source/portable/MemMang/heap_4.o
 .text.pvPortMalloc
                0x08003968      0x128 ./Middleware/Third_Party/FreeRTOS/Source/portable/MemMang/heap_4.o
                0x08003968                pvPortMalloc
 .text.vPortFree
                0x08003a90       0x78 ./Middleware/Third_Party/FreeRTOS/Source/portable/MemMang/heap_4.o
                0x08003a90                vPortFree
 .text._GetAvailWriteSpace
                0x08003b08       0x12 ./Middleware/Third_Party/SEGGER/SEGGER_RTT.o
 .text._WriteNoCheck
                0x08003b1a       0x36 ./Middleware/Third_Party/SEGGER/SEGGER_RTT.o
 .text._WriteBlocking
                0x08003b50       0x54 ./Middleware/Third_Party/SEGGER/SEGGER_RTT.o
 .text._DoInit  0x08003ba4       0x60 ./Middleware/Third_Party/SEGGER/SEGGER_RTT.o
 .text.SEGGER_RTT_ReadNoLock
                0x08003c04       0x88 ./Middleware/Third_Party/SEGGER/SEGGER_RTT.o
                0x08003c04                SEGGER_RTT_ReadNoLock
 .text.SEGGER_RTT_WriteNoLock
                0x08003c8c       0x58 ./Middleware/Third_Party/SEGGER/SEGGER_RTT.o
                0x08003c8c                SEGGER_RTT_WriteNoLock
 .text.SEGGER_RTT_Write
                0x08003ce4       0x34 ./Middleware/Third_Party/SEGGER/SEGGER_RTT.o
                0x08003ce4                SEGGER_RTT_Write
 .text._write_r
                0x08003d18       0x12 ./Middleware/Third_Party/SEGGER/SEGGER_RTT_Syscalls_GCC.o
                0x08003d18                _write_r
 .text._EncodeStr
                0x08003d2a       0x44 ./Middleware/Third_Party/SEGGER/SEGGER_SYSVIEW.o
 *fill*         0x08003d6e        0x2 
 .text.SEGGER_SYSVIEW_SendTaskList
                0x08003d70       0x14 ./Middleware/Third_Party/SEGGER/SEGGER_SYSVIEW.o
                0x08003d70                SEGGER_SYSVIEW_SendTaskList
 .text.SEGGER_SYSVIEW_ShrinkId
                0x08003d84       0x10 ./Middleware/Third_Party/SEGGER/SEGGER_SYSVIEW.o
                0x08003d84                SEGGER_SYSVIEW_ShrinkId
 .text.SEGGER_SYSVIEW_SendModuleDescription
                0x08003d94       0x18 ./Middleware/Third_Party/SEGGER/SEGGER_SYSVIEW.o
                0x08003d94                SEGGER_SYSVIEW_SendModuleDescription
 .text.SEGGER_SYSVIEW_SendNumModules
                0x08003dac       0x40 ./Middleware/Third_Party/SEGGER/SEGGER_SYSVIEW.o
                0x08003dac                SEGGER_SYSVIEW_SendNumModules
 .text.SEGGER_SYSVIEW_Start
                0x08003dec       0xc0 ./Middleware/Third_Party/SEGGER/SEGGER_SYSVIEW.o
                0x08003dec                SEGGER_SYSVIEW_Start
 .text._HandleIncomingPacket
                0x08003eac       0x8a ./Middleware/Third_Party/SEGGER/SEGGER_SYSVIEW.o
 *fill*         0x08003f36        0x2 
 .text._SendPacket
                0x08003f38      0x148 ./Middleware/Third_Party/SEGGER/SEGGER_SYSVIEW.o
 .text.SEGGER_SYSVIEW_RecordVoid
                0x08004080       0x24 ./Middleware/Third_Party/SEGGER/SEGGER_SYSVIEW.o
                0x08004080                SEGGER_SYSVIEW_RecordVoid
 .text.SEGGER_SYSVIEW_RecordU32
                0x080040a4       0x40 ./Middleware/Third_Party/SEGGER/SEGGER_SYSVIEW.o
                0x080040a4                SEGGER_SYSVIEW_RecordU32
 .text.SEGGER_SYSVIEW_RecordU32x2
                0x080040e4       0x58 ./Middleware/Third_Party/SEGGER/SEGGER_SYSVIEW.o
                0x080040e4                SEGGER_SYSVIEW_RecordU32x2
 .text.SEGGER_SYSVIEW_RecordSystime
                0x0800413c       0x34 ./Middleware/Third_Party/SEGGER/SEGGER_SYSVIEW.o
                0x0800413c                SEGGER_SYSVIEW_RecordSystime
 .text.SEGGER_SYSVIEW_RecordU32x3
                0x08004170       0x74 ./Middleware/Third_Party/SEGGER/SEGGER_SYSVIEW.o
                0x08004170                SEGGER_SYSVIEW_RecordU32x3
 .text.SEGGER_SYSVIEW_RecordU32x4
                0x080041e4       0x94 ./Middleware/Third_Party/SEGGER/SEGGER_SYSVIEW.o
                0x080041e4                SEGGER_SYSVIEW_RecordU32x4
 .text.SEGGER_SYSVIEW_Stop
                0x08004278       0x30 ./Middleware/Third_Party/SEGGER/SEGGER_SYSVIEW.o
                0x08004278                SEGGER_SYSVIEW_Stop
 .text.SEGGER_SYSVIEW_GetSysDesc
                0x080042a8       0x88 ./Middleware/Third_Party/SEGGER/SEGGER_SYSVIEW.o
                0x080042a8                SEGGER_SYSVIEW_GetSysDesc
 .text.SEGGER_SYSVIEW_SendTaskInfo
                0x08004330       0xd8 ./Middleware/Third_Party/SEGGER/SEGGER_SYSVIEW.o
                0x08004330                SEGGER_SYSVIEW_SendTaskInfo
 .text.SEGGER_SYSVIEW_RecordEnterISR
                0x08004408       0x4c ./Middleware/Third_Party/SEGGER/SEGGER_SYSVIEW.o
                0x08004408                SEGGER_SYSVIEW_RecordEnterISR
 .text.SEGGER_SYSVIEW_RecordExitISR
                0x08004454       0x24 ./Middleware/Third_Party/SEGGER/SEGGER_SYSVIEW.o
                0x08004454                SEGGER_SYSVIEW_RecordExitISR
 .text.SEGGER_SYSVIEW_OnIdle
                0x08004478       0x24 ./Middleware/Third_Party/SEGGER/SEGGER_SYSVIEW.o
                0x08004478                SEGGER_SYSVIEW_OnIdle
 .text.SEGGER_SYSVIEW_OnTaskCreate
                0x0800449c       0x48 ./Middleware/Third_Party/SEGGER/SEGGER_SYSVIEW.o
                0x0800449c                SEGGER_SYSVIEW_OnTaskCreate
 .text.SEGGER_SYSVIEW_OnTaskStartExec
                0x080044e4       0x48 ./Middleware/Third_Party/SEGGER/SEGGER_SYSVIEW.o
                0x080044e4                SEGGER_SYSVIEW_OnTaskStartExec
 .text.SEGGER_SYSVIEW_OnTaskStartReady
                0x0800452c       0x48 ./Middleware/Third_Party/SEGGER/SEGGER_SYSVIEW.o
                0x0800452c                SEGGER_SYSVIEW_OnTaskStartReady
 .text.SEGGER_SYSVIEW_OnTaskStopReady
                0x08004574       0x64 ./Middleware/Third_Party/SEGGER/SEGGER_SYSVIEW.o
                0x08004574                SEGGER_SYSVIEW_OnTaskStopReady
 .text.SEGGER_SYSVIEW_SendModule
                0x080045d8       0x7c ./Middleware/Third_Party/SEGGER/SEGGER_SYSVIEW.o
                0x080045d8                SEGGER_SYSVIEW_SendModule
 .text._VPrintHost.isra.0
                0x08004654       0xc0 ./Middleware/Third_Party/SEGGER/SEGGER_SYSVIEW.o
 .text.SEGGER_SYSVIEW_PrintfHost
                0x08004714       0x1e ./Middleware/Third_Party/SEGGER/SEGGER_SYSVIEW.o
                0x08004714                SEGGER_SYSVIEW_PrintfHost
 *fill*         0x08004732        0x2 
 .text.SEGGER_SYSVIEW_Warn
                0x08004734       0x38 ./Middleware/Third_Party/SEGGER/SEGGER_SYSVIEW.o
                0x08004734                SEGGER_SYSVIEW_Warn
 .text.SYSVIEW_DeleteTask
                0x0800476c       0x6c ./Middleware/Third_Party/SEGGER/SEGGER_SYSVIEW_FreeRTOS.o
                0x0800476c                SYSVIEW_DeleteTask
 .text.SYSVIEW_SendTaskInfo
                0x080047d8       0x1a ./Middleware/Third_Party/SEGGER/SEGGER_SYSVIEW_FreeRTOS.o
                0x080047d8                SYSVIEW_SendTaskInfo
 *fill*         0x080047f2        0x2 
 .text.SYSVIEW_AddTask
                0x080047f4       0x74 ./Middleware/Third_Party/SEGGER/SEGGER_SYSVIEW_FreeRTOS.o
                0x080047f4                SYSVIEW_AddTask
 .text.GreenTask
                0x08004868       0x20 ./Src/main_taskCreation_POSIX.o
                0x08004868                GreenTask
 .text.startup.main
                0x08004888       0x58 ./Src/main_taskCreation_POSIX.o
                0x08004888                main
 .text.lookBusy
                0x080048e0       0x18 ./Src/main_taskCreation_POSIX.o
                0x080048e0                lookBusy
 .text.RedTask  0x080048f8       0x24 ./Src/main_taskCreation_POSIX.o
                0x080048f8                RedTask
 .text.HAL_MspInit
                0x0800491c       0x3c ./Src/stm32f7xx_hal_msp.o
                0x0800491c                HAL_MspInit
 .text.NMI_Handler
                0x08004958        0x2 ./Src/stm32f7xx_it.o
                0x08004958                NMI_Handler
 .text.HardFault_Handler
                0x0800495a        0x2 ./Src/stm32f7xx_it.o
                0x0800495a                HardFault_Handler
 .text.MemManage_Handler
                0x0800495c        0x2 ./Src/stm32f7xx_it.o
                0x0800495c                MemManage_Handler
 .text.BusFault_Handler
                0x0800495e        0x2 ./Src/stm32f7xx_it.o
                0x0800495e                BusFault_Handler
 .text.UsageFault_Handler
                0x08004960        0x2 ./Src/stm32f7xx_it.o
                0x08004960                UsageFault_Handler
 .text.DebugMon_Handler
                0x08004962        0x2 ./Src/stm32f7xx_it.o
                0x08004962                DebugMon_Handler
 .text.SysTick_Handler
                0x08004964       0x18 ./Src/stm32f7xx_it.o
                0x08004964                SysTick_Handler
 .text.SystemInit
                0x0800497c       0x4c ./Src/system_stm32f7xx.o
                0x0800497c                SystemInit
 .text.Reset_Handler
                0x080049c8       0x50 ./startup/startup_stm32f767xx.o
                0x080049c8                Reset_Handler
 .text.Default_Handler
                0x08004a18        0x2 ./startup/startup_stm32f767xx.o
                0x08004a18                RTC_Alarm_IRQHandler
                0x08004a18                EXTI2_IRQHandler
                0x08004a18                TIM8_CC_IRQHandler
                0x08004a18                UART8_IRQHandler
                0x08004a18                SPI4_IRQHandler
                0x08004a18                TIM1_CC_IRQHandler
                0x08004a18                DMA2_Stream5_IRQHandler
                0x08004a18                JPEG_IRQHandler
                0x08004a18                DMA1_Stream5_IRQHandler
                0x08004a18                CAN3_RX1_IRQHandler
                0x08004a18                PVD_IRQHandler
                0x08004a18                TAMP_STAMP_IRQHandler
                0x08004a18                CAN2_RX1_IRQHandler
                0x08004a18                EXTI3_IRQHandler
                0x08004a18                TIM8_TRG_COM_TIM14_IRQHandler
                0x08004a18                DFSDM1_FLT1_IRQHandler
                0x08004a18                TIM1_UP_TIM10_IRQHandler
                0x08004a18                TIM8_UP_TIM13_IRQHandler
                0x08004a18                I2C3_ER_IRQHandler
                0x08004a18                DFSDM1_FLT2_IRQHandler
                0x08004a18                EXTI0_IRQHandler
                0x08004a18                I2C2_EV_IRQHandler
                0x08004a18                DMA1_Stream2_IRQHandler
                0x08004a18                CAN1_RX0_IRQHandler
                0x08004a18                FPU_IRQHandler
                0x08004a18                OTG_HS_WKUP_IRQHandler
                0x08004a18                CAN3_SCE_IRQHandler
                0x08004a18                LTDC_ER_IRQHandler
                0x08004a18                CAN2_SCE_IRQHandler
                0x08004a18                DMA2_Stream2_IRQHandler
                0x08004a18                SPI1_IRQHandler
                0x08004a18                TIM6_DAC_IRQHandler
                0x08004a18                TIM1_BRK_TIM9_IRQHandler
                0x08004a18                DCMI_IRQHandler
                0x08004a18                CAN2_RX0_IRQHandler
                0x08004a18                DMA2_Stream3_IRQHandler
                0x08004a18                SAI2_IRQHandler
                0x08004a18                DFSDM1_FLT3_IRQHandler
                0x08004a18                USART6_IRQHandler
                0x08004a18                CAN3_RX0_IRQHandler
                0x08004a18                USART3_IRQHandler
                0x08004a18                CAN1_RX1_IRQHandler
                0x08004a18                UART5_IRQHandler
                0x08004a18                DMA2_Stream0_IRQHandler
                0x08004a18                TIM4_IRQHandler
                0x08004a18                QUADSPI_IRQHandler
                0x08004a18                I2C1_EV_IRQHandler
                0x08004a18                DMA1_Stream6_IRQHandler
                0x08004a18                DMA1_Stream1_IRQHandler
                0x08004a18                UART4_IRQHandler
                0x08004a18                TIM3_IRQHandler
                0x08004a18                RCC_IRQHandler
                0x08004a18                TIM8_BRK_TIM12_IRQHandler
                0x08004a18                Default_Handler
                0x08004a18                CEC_IRQHandler
                0x08004a18                EXTI15_10_IRQHandler
                0x08004a18                ADC_IRQHandler
                0x08004a18                DMA1_Stream7_IRQHandler
                0x08004a18                SPI5_IRQHandler
                0x08004a18                TIM7_IRQHandler
                0x08004a18                SDMMC1_IRQHandler
                0x08004a18                CAN2_TX_IRQHandler
                0x08004a18                TIM5_IRQHandler
                0x08004a18                DMA2_Stream7_IRQHandler
                0x08004a18                I2C3_EV_IRQHandler
                0x08004a18                EXTI9_5_IRQHandler
                0x08004a18                RTC_WKUP_IRQHandler
                0x08004a18                LTDC_IRQHandler
                0x08004a18                ETH_WKUP_IRQHandler
                0x08004a18                SPDIF_RX_IRQHandler
                0x08004a18                SPI2_IRQHandler
                0x08004a18                OTG_HS_EP1_IN_IRQHandler
                0x08004a18                DMA1_Stream0_IRQHandler
                0x08004a18                CAN1_TX_IRQHandler
                0x08004a18                EXTI4_IRQHandler
                0x08004a18                RNG_IRQHandler
                0x08004a18                ETH_IRQHandler
                0x08004a18                OTG_HS_EP1_OUT_IRQHandler
                0x08004a18                WWDG_IRQHandler
                0x08004a18                SPI6_IRQHandler
                0x08004a18                MDIOS_IRQHandler
                0x08004a18                I2C4_EV_IRQHandler
                0x08004a18                CAN3_TX_IRQHandler
                0x08004a18                TIM2_IRQHandler
                0x08004a18                OTG_FS_WKUP_IRQHandler
                0x08004a18                TIM1_TRG_COM_TIM11_IRQHandler
                0x08004a18                OTG_HS_IRQHandler
                0x08004a18                DMA2D_IRQHandler
                0x08004a18                EXTI1_IRQHandler
                0x08004a18                SDMMC2_IRQHandler
                0x08004a18                UART7_IRQHandler
                0x08004a18                USART2_IRQHandler
                0x08004a18                DFSDM1_FLT0_IRQHandler
                0x08004a18                I2C2_ER_IRQHandler
                0x08004a18                DMA2_Stream1_IRQHandler
                0x08004a18                CAN1_SCE_IRQHandler
                0x08004a18                FLASH_IRQHandler
                0x08004a18                DMA2_Stream4_IRQHandler
                0x08004a18                USART1_IRQHandler
                0x08004a18                OTG_FS_IRQHandler
                0x08004a18                SPI3_IRQHandler
                0x08004a18                DMA1_Stream4_IRQHandler
                0x08004a18                I2C1_ER_IRQHandler
                0x08004a18                FMC_IRQHandler
                0x08004a18                LPTIM1_IRQHandler
                0x08004a18                I2C4_ER_IRQHandler
                0x08004a18                DMA2_Stream6_IRQHandler
                0x08004a18                SAI1_IRQHandler
                0x08004a18                DMA1_Stream3_IRQHandler
 *fill*         0x08004a1a        0x2 
 .text.__assert_func
                0x08004a1c       0x3c /opt/st/stm32cubeide_1.16.0/plugins/com.st.stm32cube.ide.mcu.externaltools.gnu-tools-for-stm32.12.3.rel1.linux64_1.0.200.202406132123/tools/bin/../lib/gcc/arm-none-eabi/12.3.1/../../../../arm-none-eabi/lib/thumb/v7e-m+dp/hard/libc_nano.a(libc_a-assert.o)
                0x08004a1c                __assert_func
 .text.std      0x08004a58       0x6c /opt/st/stm32cubeide_1.16.0/plugins/com.st.stm32cube.ide.mcu.externaltools.gnu-tools-for-stm32.12.3.rel1.linux64_1.0.200.202406132123/tools/bin/../lib/gcc/arm-none-eabi/12.3.1/../../../../arm-none-eabi/lib/thumb/v7e-m+dp/hard/libc_nano.a(libc_a-findfp.o)
 .text.stdio_exit_handler
                0x08004ac4       0x18 /opt/st/stm32cubeide_1.16.0/plugins/com.st.stm32cube.ide.mcu.externaltools.gnu-tools-for-stm32.12.3.rel1.linux64_1.0.200.202406132123/tools/bin/../lib/gcc/arm-none-eabi/12.3.1/../../../../arm-none-eabi/lib/thumb/v7e-m+dp/hard/libc_nano.a(libc_a-findfp.o)
 .text.cleanup_stdio
                0x08004adc       0x40 /opt/st/stm32cubeide_1.16.0/plugins/com.st.stm32cube.ide.mcu.externaltools.gnu-tools-for-stm32.12.3.rel1.linux64_1.0.200.202406132123/tools/bin/../lib/gcc/arm-none-eabi/12.3.1/../../../../arm-none-eabi/lib/thumb/v7e-m+dp/hard/libc_nano.a(libc_a-findfp.o)
 .text.global_stdio_init.part.0
                0x08004b1c       0x3c /opt/st/stm32cubeide_1.16.0/plugins/com.st.stm32cube.ide.mcu.externaltools.gnu-tools-for-stm32.12.3.rel1.linux64_1.0.200.202406132123/tools/bin/../lib/gcc/arm-none-eabi/12.3.1/../../../../arm-none-eabi/lib/thumb/v7e-m+dp/hard/libc_nano.a(libc_a-findfp.o)
 .text.__sfp_lock_acquire
                0x08004b58        0xc /opt/st/stm32cubeide_1.16.0/plugins/com.st.stm32cube.ide.mcu.externaltools.gnu-tools-for-stm32.12.3.rel1.linux64_1.0.200.202406132123/tools/bin/../lib/gcc/arm-none-eabi/12.3.1/../../../../arm-none-eabi/lib/thumb/v7e-m+dp/hard/libc_nano.a(libc_a-findfp.o)
                0x08004b58                __sfp_lock_acquire
 .text.__sfp_lock_release
                0x08004b64        0xc /opt/st/stm32cubeide_1.16.0/plugins/com.st.stm32cube.ide.mcu.externaltools.gnu-tools-for-stm32.12.3.rel1.linux64_1.0.200.202406132123/tools/bin/../lib/gcc/arm-none-eabi/12.3.1/../../../../arm-none-eabi/lib/thumb/v7e-m+dp/hard/libc_nano.a(libc_a-findfp.o)
                0x08004b64                __sfp_lock_release
 .text.__sinit  0x08004b70       0x30 /opt/st/stm32cubeide_1.16.0/plugins/com.st.stm32cube.ide.mcu.externaltools.gnu-tools-for-stm32.12.3.rel1.linux64_1.0.200.202406132123/tools/bin/../lib/gcc/arm-none-eabi/12.3.1/../../../../arm-none-eabi/lib/thumb/v7e-m+dp/hard/libc_nano.a(libc_a-findfp.o)
                0x08004b70                __sinit
 .text.fprintf  0x08004ba0       0x24 /opt/st/stm32cubeide_1.16.0/plugins/com.st.stm32cube.ide.mcu.externaltools.gnu-tools-for-stm32.12.3.rel1.linux64_1.0.200.202406132123/tools/bin/../lib/gcc/arm-none-eabi/12.3.1/../../../../arm-none-eabi/lib/thumb/v7e-m+dp/hard/libc_nano.a(libc_a-fprintf.o)
                0x08004ba0                fprintf
                0x08004ba0                fiprintf
 .text._fwalk_sglue
                0x08004bc4       0x3c /opt/st/stm32cubeide_1.16.0/plugins/com.st.stm32cube.ide.mcu.externaltools.gnu-tools-for-stm32.12.3.rel1.linux64_1.0.200.202406132123/tools/bin/../lib/gcc/arm-none-eabi/12.3.1/../../../../arm-none-eabi/lib/thumb/v7e-m+dp/hard/libc_nano.a(libc_a-fwalk.o)
                0x08004bc4                _fwalk_sglue
 .text.__sread  0x08004c00       0x22 /opt/st/stm32cubeide_1.16.0/plugins/com.st.stm32cube.ide.mcu.externaltools.gnu-tools-for-stm32.12.3.rel1.linux64_1.0.200.202406132123/tools/bin/../lib/gcc/arm-none-eabi/12.3.1/../../../../arm-none-eabi/lib/thumb/v7e-m+dp/hard/libc_nano.a(libc_a-stdio.o)
                0x08004c00                __sread
 .text.__swrite
                0x08004c22       0x38 /opt/st/stm32cubeide_1.16.0/plugins/com.st.stm32cube.ide.mcu.externaltools.gnu-tools-for-stm32.12.3.rel1.linux64_1.0.200.202406132123/tools/bin/../lib/gcc/arm-none-eabi/12.3.1/../../../../arm-none-eabi/lib/thumb/v7e-m+dp/hard/libc_nano.a(libc_a-stdio.o)
                0x08004c22                __swrite
 .text.__sseek  0x08004c5a       0x24 /opt/st/stm32cubeide_1.16.0/plugins/com.st.stm32cube.ide.mcu.externaltools.gnu-tools-for-stm32.12.3.rel1.linux64_1.0.200.202406132123/tools/bin/../lib/gcc/arm-none-eabi/12.3.1/../../../../arm-none-eabi/lib/thumb/v7e-m+dp/hard/libc_nano.a(libc_a-stdio.o)
                0x08004c5a                __sseek
 .text.__sclose
                0x08004c7e        0x8 /opt/st/stm32cubeide_1.16.0/plugins/com.st.stm32cube.ide.mcu.externaltools.gnu-tools-for-stm32.12.3.rel1.linux64_1.0.200.202406132123/tools/bin/../lib/gcc/arm-none-eabi/12.3.1/../../../../arm-none-eabi/lib/thumb/v7e-m+dp/hard/libc_nano.a(libc_a-stdio.o)
                0x08004c7e                __sclose
 .text.memcmp   0x08004c86       0x20 /opt/st/stm32cubeide_1.16.0/plugins/com.st.stm32cube.ide.mcu.externaltools.gnu-tools-for-stm32.12.3.rel1.linux64_1.0.200.202406132123/tools/bin/../lib/gcc/arm-none-eabi/12.3.1/../../../../arm-none-eabi/lib/thumb/v7e-m+dp/hard/libc_nano.a(libc_a-memcmp.o)
                0x08004c86                memcmp
 .text.memset   0x08004ca6       0x10 /opt/st/stm32cubeide_1.16.0/plugins/com.st.stm32cube.ide.mcu.externaltools.gnu-tools-for-stm32.12.3.rel1.linux64_1.0.200.202406132123/tools/bin/../lib/gcc/arm-none-eabi/12.3.1/../../../../arm-none-eabi/lib/thumb/v7e-m+dp/hard/libc_nano.a(libc_a-memset.o)
                0x08004ca6                memset
 *fill*         0x08004cb6        0x2 
 .text._close_r
                0x08004cb8       0x20 /opt/st/stm32cubeide_1.16.0/plugins/com.st.stm32cube.ide.mcu.externaltools.gnu-tools-for-stm32.12.3.rel1.linux64_1.0.200.202406132123/tools/bin/../lib/gcc/arm-none-eabi/12.3.1/../../../../arm-none-eabi/lib/thumb/v7e-m+dp/hard/libc_nano.a(libc_a-closer.o)
                0x08004cb8                _close_r
 .text._lseek_r
                0x08004cd8       0x24 /opt/st/stm32cubeide_1.16.0/plugins/com.st.stm32cube.ide.mcu.externaltools.gnu-tools-for-stm32.12.3.rel1.linux64_1.0.200.202406132123/tools/bin/../lib/gcc/arm-none-eabi/12.3.1/../../../../arm-none-eabi/lib/thumb/v7e-m+dp/hard/libc_nano.a(libc_a-lseekr.o)
                0x08004cd8                _lseek_r
 .text._read_r  0x08004cfc       0x24 /opt/st/stm32cubeide_1.16.0/plugins/com.st.stm32cube.ide.mcu.externaltools.gnu-tools-for-stm32.12.3.rel1.linux64_1.0.200.202406132123/tools/bin/../lib/gcc/arm-none-eabi/12.3.1/../../../../arm-none-eabi/lib/thumb/v7e-m+dp/hard/libc_nano.a(libc_a-readr.o)
                0x08004cfc                _read_r
 .text.__libc_init_array
                0x08004d20       0x48 /opt/st/stm32cubeide_1.16.0/plugins/com.st.stm32cube.ide.mcu.externaltools.gnu-tools-for-stm32.12.3.rel1.linux64_1.0.200.202406132123/tools/bin/../lib/gcc/arm-none-eabi/12.3.1/../../../../arm-none-eabi/lib/thumb/v7e-m+dp/hard/libc_nano.a(libc_a-init.o)
                0x08004d20                __libc_init_array
 .text.__retarget_lock_init_recursive
                0x08004d68        0x2 /opt/st/stm32cubeide_1.16.0/plugins/com.st.stm32cube.ide.mcu.externaltools.gnu-tools-for-stm32.12.3.rel1.linux64_1.0.200.202406132123/tools/bin/../lib/gcc/arm-none-eabi/12.3.1/../../../../arm-none-eabi/lib/thumb/v7e-m+dp/hard/libc_nano.a(libc_a-lock.o)
                0x08004d68                __retarget_lock_init_recursive
 .text.__retarget_lock_acquire_recursive
                0x08004d6a        0x2 /opt/st/stm32cubeide_1.16.0/plugins/com.st.stm32cube.ide.mcu.externaltools.gnu-tools-for-stm32.12.3.rel1.linux64_1.0.200.202406132123/tools/bin/../lib/gcc/arm-none-eabi/12.3.1/../../../../arm-none-eabi/lib/thumb/v7e-m+dp/hard/libc_nano.a(libc_a-lock.o)
                0x08004d6a                __retarget_lock_acquire_recursive
 .text.__retarget_lock_release_recursive
                0x08004d6c        0x2 /opt/st/stm32cubeide_1.16.0/plugins/com.st.stm32cube.ide.mcu.externaltools.gnu-tools-for-stm32.12.3.rel1.linux64_1.0.200.202406132123/tools/bin/../lib/gcc/arm-none-eabi/12.3.1/../../../../arm-none-eabi/lib/thumb/v7e-m+dp/hard/libc_nano.a(libc_a-lock.o)
                0x08004d6c                __retarget_lock_release_recursive
 .text.strcpy   0x08004d6e       0x10 /opt/st/stm32cubeide_1.16.0/plugins/com.st.stm32cube.ide.mcu.externaltools.gnu-tools-for-stm32.12.3.rel1.linux64_1.0.200.202406132123/tools/bin/../lib/gcc/arm-none-eabi/12.3.1/../../../../arm-none-eabi/lib/thumb/v7e-m+dp/hard/libc_nano.a(libc_a-strcpy.o)
                0x08004d6e                strcpy
 .text.memcpy   0x08004d7e       0x1c /opt/st/stm32cubeide_1.16.0/plugins/com.st.stm32cube.ide.mcu.externaltools.gnu-tools-for-stm32.12.3.rel1.linux64_1.0.200.202406132123/tools/bin/../lib/gcc/arm-none-eabi/12.3.1/../../../../arm-none-eabi/lib/thumb/v7e-m+dp/hard/libc_nano.a(libc_a-memcpy-stub.o)
                0x08004d7e                memcpy
 .text.abort    0x08004d9a        0xe /opt/st/stm32cubeide_1.16.0/plugins/com.st.stm32cube.ide.mcu.externaltools.gnu-tools-for-stm32.12.3.rel1.linux64_1.0.200.202406132123/tools/bin/../lib/gcc/arm-none-eabi/12.3.1/../../../../arm-none-eabi/lib/thumb/v7e-m+dp/hard/libc_nano.a(libc_a-abort.o)
                0x08004d9a                abort
 .text._free_r  0x08004da8       0x94 /opt/st/stm32cubeide_1.16.0/plugins/com.st.stm32cube.ide.mcu.externaltools.gnu-tools-for-stm32.12.3.rel1.linux64_1.0.200.202406132123/tools/bin/../lib/gcc/arm-none-eabi/12.3.1/../../../../arm-none-eabi/lib/thumb/v7e-m+dp/hard/libc_nano.a(libc_a-freer.o)
                0x08004da8                _free_r
 .text.sbrk_aligned
                0x08004e3c       0x44 /opt/st/stm32cubeide_1.16.0/plugins/com.st.stm32cube.ide.mcu.externaltools.gnu-tools-for-stm32.12.3.rel1.linux64_1.0.200.202406132123/tools/bin/../lib/gcc/arm-none-eabi/12.3.1/../../../../arm-none-eabi/lib/thumb/v7e-m+dp/hard/libc_nano.a(libc_a-mallocr.o)
 .text._malloc_r
                0x08004e80      0x100 /opt/st/stm32cubeide_1.16.0/plugins/com.st.stm32cube.ide.mcu.externaltools.gnu-tools-for-stm32.12.3.rel1.linux64_1.0.200.202406132123/tools/bin/../lib/gcc/arm-none-eabi/12.3.1/../../../../arm-none-eabi/lib/thumb/v7e-m+dp/hard/libc_nano.a(libc_a-mallocr.o)
                0x08004e80                _malloc_r
 .text.__malloc_lock
                0x08004f80        0xc /opt/st/stm32cubeide_1.16.0/plugins/com.st.stm32cube.ide.mcu.externaltools.gnu-tools-for-stm32.12.3.rel1.linux64_1.0.200.202406132123/tools/bin/../lib/gcc/arm-none-eabi/12.3.1/../../../../arm-none-eabi/lib/thumb/v7e-m+dp/hard/libc_nano.a(libc_a-mlock.o)
                0x08004f80                __malloc_lock
 .text.__malloc_unlock
                0x08004f8c        0xc /opt/st/stm32cubeide_1.16.0/plugins/com.st.stm32cube.ide.mcu.externaltools.gnu-tools-for-stm32.12.3.rel1.linux64_1.0.200.202406132123/tools/bin/../lib/gcc/arm-none-eabi/12.3.1/../../../../arm-none-eabi/lib/thumb/v7e-m+dp/hard/libc_nano.a(libc_a-mlock.o)
                0x08004f8c                __malloc_unlock
 .text.__sfputc_r
                0x08004f98       0x2e /opt/st/stm32cubeide_1.16.0/plugins/com.st.stm32cube.ide.mcu.externaltools.gnu-tools-for-stm32.12.3.rel1.linux64_1.0.200.202406132123/tools/bin/../lib/gcc/arm-none-eabi/12.3.1/../../../../arm-none-eabi/lib/thumb/v7e-m+dp/hard/libc_nano.a(libc_a-nano-vfprintf.o)
 .text.__sfputs_r
                0x08004fc6       0x24 /opt/st/stm32cubeide_1.16.0/plugins/com.st.stm32cube.ide.mcu.externaltools.gnu-tools-for-stm32.12.3.rel1.linux64_1.0.200.202406132123/tools/bin/../lib/gcc/arm-none-eabi/12.3.1/../../../../arm-none-eabi/lib/thumb/v7e-m+dp/hard/libc_nano.a(libc_a-nano-vfprintf.o)
                0x08004fc6                __sfputs_r
 *fill*         0x08004fea        0x2 
 .text._vfprintf_r
                0x08004fec      0x230 /opt/st/stm32cubeide_1.16.0/plugins/com.st.stm32cube.ide.mcu.externaltools.gnu-tools-for-stm32.12.3.rel1.linux64_1.0.200.202406132123/tools/bin/../lib/gcc/arm-none-eabi/12.3.1/../../../../arm-none-eabi/lib/thumb/v7e-m+dp/hard/libc_nano.a(libc_a-nano-vfprintf.o)
                0x08004fec                _vfiprintf_r
                0x08004fec                _vfprintf_r
 .text._printf_common
                0x0800521c       0xda /opt/st/stm32cubeide_1.16.0/plugins/com.st.stm32cube.ide.mcu.externaltools.gnu-tools-for-stm32.12.3.rel1.linux64_1.0.200.202406132123/tools/bin/../lib/gcc/arm-none-eabi/12.3.1/../../../../arm-none-eabi/lib/thumb/v7e-m+dp/hard/libc_nano.a(libc_a-nano-vfprintf_i.o)
                0x0800521c                _printf_common
 *fill*         0x080052f6        0x2 
 .text._printf_i
                0x080052f8      0x240 /opt/st/stm32cubeide_1.16.0/plugins/com.st.stm32cube.ide.mcu.externaltools.gnu-tools-for-stm32.12.3.rel1.linux64_1.0.200.202406132123/tools/bin/../lib/gcc/arm-none-eabi/12.3.1/../../../../arm-none-eabi/lib/thumb/v7e-m+dp/hard/libc_nano.a(libc_a-nano-vfprintf_i.o)
                0x080052f8                _printf_i
 .text.__sflush_r
                0x08005538      0x108 /opt/st/stm32cubeide_1.16.0/plugins/com.st.stm32cube.ide.mcu.externaltools.gnu-tools-for-stm32.12.3.rel1.linux64_1.0.200.202406132123/tools/bin/../lib/gcc/arm-none-eabi/12.3.1/../../../../arm-none-eabi/lib/thumb/v7e-m+dp/hard/libc_nano.a(libc_a-fflush.o)
                0x08005538                __sflush_r
 .text._fflush_r
                0x08005640       0x50 /opt/st/stm32cubeide_1.16.0/plugins/com.st.stm32cube.ide.mcu.externaltools.gnu-tools-for-stm32.12.3.rel1.linux64_1.0.200.202406132123/tools/bin/../lib/gcc/arm-none-eabi/12.3.1/../../../../arm-none-eabi/lib/thumb/v7e-m+dp/hard/libc_nano.a(libc_a-fflush.o)
                0x08005640                _fflush_r
 .text.__swbuf_r
                0x08005690       0x7c /opt/st/stm32cubeide_1.16.0/plugins/com.st.stm32cube.ide.mcu.externaltools.gnu-tools-for-stm32.12.3.rel1.linux64_1.0.200.202406132123/tools/bin/../lib/gcc/arm-none-eabi/12.3.1/../../../../arm-none-eabi/lib/thumb/v7e-m+dp/hard/libc_nano.a(libc_a-wbuf.o)
                0x08005690                __swbuf_r
 .text.__swsetup_r
                0x0800570c       0xac /opt/st/stm32cubeide_1.16.0/plugins/com.st.stm32cube.ide.mcu.externaltools.gnu-tools-for-stm32.12.3.rel1.linux64_1.0.200.202406132123/tools/bin/../lib/gcc/arm-none-eabi/12.3.1/../../../../arm-none-eabi/lib/thumb/v7e-m+dp/hard/libc_nano.a(libc_a-wsetup.o)
                0x0800570c                __swsetup_r
 .text._raise_r
                0x080057b8       0x50 /opt/st/stm32cubeide_1.16.0/plugins/com.st.stm32cube.ide.mcu.externaltools.gnu-tools-for-stm32.12.3.rel1.linux64_1.0.200.202406132123/tools/bin/../lib/gcc/arm-none-eabi/12.3.1/../../../../arm-none-eabi/lib/thumb/v7e-m+dp/hard/libc_nano.a(libc_a-signal.o)
                0x080057b8                _raise_r
 .text.raise    0x08005808       0x10 /opt/st/stm32cubeide_1.16.0/plugins/com.st.stm32cube.ide.mcu.externaltools.gnu-tools-for-stm32.12.3.rel1.linux64_1.0.200.202406132123/tools/bin/../lib/gcc/arm-none-eabi/12.3.1/../../../../arm-none-eabi/lib/thumb/v7e-m+dp/hard/libc_nano.a(libc_a-signal.o)
                0x08005808                raise
 .text._kill_r  0x08005818       0x24 /opt/st/stm32cubeide_1.16.0/plugins/com.st.stm32cube.ide.mcu.externaltools.gnu-tools-for-stm32.12.3.rel1.linux64_1.0.200.202406132123/tools/bin/../lib/gcc/arm-none-eabi/12.3.1/../../../../arm-none-eabi/lib/thumb/v7e-m+dp/hard/libc_nano.a(libc_a-signalr.o)
                0x08005818                _kill_r
 .text._getpid_r
                0x0800583c        0x4 /opt/st/stm32cubeide_1.16.0/plugins/com.st.stm32cube.ide.mcu.externaltools.gnu-tools-for-stm32.12.3.rel1.linux64_1.0.200.202406132123/tools/bin/../lib/gcc/arm-none-eabi/12.3.1/../../../../arm-none-eabi/lib/thumb/v7e-m+dp/hard/libc_nano.a(libc_a-signalr.o)
                0x0800583c                _getpid_r
 .text._sbrk_r  0x08005840       0x20 /opt/st/stm32cubeide_1.16.0/plugins/com.st.stm32cube.ide.mcu.externaltools.gnu-tools-for-stm32.12.3.rel1.linux64_1.0.200.202406132123/tools/bin/../lib/gcc/arm-none-eabi/12.3.1/../../../../arm-none-eabi/lib/thumb/v7e-m+dp/hard/libc_nano.a(libc_a-sbrkr.o)
                0x08005840                _sbrk_r
 .text.__swhatbuf_r
                0x08005860       0x4c /opt/st/stm32cubeide_1.16.0/plugins/com.st.stm32cube.ide.mcu.externaltools.gnu-tools-for-stm32.12.3.rel1.linux64_1.0.200.202406132123/tools/bin/../lib/gcc/arm-none-eabi/12.3.1/../../../../arm-none-eabi/lib/thumb/v7e-m+dp/hard/libc_nano.a(libc_a-makebuf.o)
                0x08005860                __swhatbuf_r
 .text.__smakebuf_r
                0x080058ac       0x78 /opt/st/stm32cubeide_1.16.0/plugins/com.st.stm32cube.ide.mcu.externaltools.gnu-tools-for-stm32.12.3.rel1.linux64_1.0.200.202406132123/tools/bin/../lib/gcc/arm-none-eabi/12.3.1/../../../../arm-none-eabi/lib/thumb/v7e-m+dp/hard/libc_nano.a(libc_a-makebuf.o)
                0x080058ac                __smakebuf_r
 .text._fstat_r
                0x08005924       0x24 /opt/st/stm32cubeide_1.16.0/plugins/com.st.stm32cube.ide.mcu.externaltools.gnu-tools-for-stm32.12.3.rel1.linux64_1.0.200.202406132123/tools/bin/../lib/gcc/arm-none-eabi/12.3.1/../../../../arm-none-eabi/lib/thumb/v7e-m+dp/hard/libc_nano.a(libc_a-fstatr.o)
                0x08005924                _fstat_r
 .text._isatty_r
                0x08005948       0x20 /opt/st/stm32cubeide_1.16.0/plugins/com.st.stm32cube.ide.mcu.externaltools.gnu-tools-for-stm32.12.3.rel1.linux64_1.0.200.202406132123/tools/bin/../lib/gcc/arm-none-eabi/12.3.1/../../../../arm-none-eabi/lib/thumb/v7e-m+dp/hard/libc_nano.a(libc_a-isattyr.o)
                0x08005948                _isatty_r
 .text._close   0x08005968       0x10 /opt/st/stm32cubeide_1.16.0/plugins/com.st.stm32cube.ide.mcu.externaltools.gnu-tools-for-stm32.12.3.rel1.linux64_1.0.200.202406132123/tools/bin/../lib/gcc/arm-none-eabi/12.3.1/../../../../arm-none-eabi/lib/thumb/v7e-m+dp/hard/libnosys.a(close.o)
                0x08005968                _close
 .text._fstat   0x08005978       0x10 /opt/st/stm32cubeide_1.16.0/plugins/com.st.stm32cube.ide.mcu.externaltools.gnu-tools-for-stm32.12.3.rel1.linux64_1.0.200.202406132123/tools/bin/../lib/gcc/arm-none-eabi/12.3.1/../../../../arm-none-eabi/lib/thumb/v7e-m+dp/hard/libnosys.a(fstat.o)
                0x08005978                _fstat
 .text._getpid  0x08005988       0x10 /opt/st/stm32cubeide_1.16.0/plugins/com.st.stm32cube.ide.mcu.externaltools.gnu-tools-for-stm32.12.3.rel1.linux64_1.0.200.202406132123/tools/bin/../lib/gcc/arm-none-eabi/12.3.1/../../../../arm-none-eabi/lib/thumb/v7e-m+dp/hard/libnosys.a(getpid.o)
                0x08005988                _getpid
 .text._isatty  0x08005998       0x10 /opt/st/stm32cubeide_1.16.0/plugins/com.st.stm32cube.ide.mcu.externaltools.gnu-tools-for-stm32.12.3.rel1.linux64_1.0.200.202406132123/tools/bin/../lib/gcc/arm-none-eabi/12.3.1/../../../../arm-none-eabi/lib/thumb/v7e-m+dp/hard/libnosys.a(isatty.o)
                0x08005998                _isatty
 .text._kill    0x080059a8       0x10 /opt/st/stm32cubeide_1.16.0/plugins/com.st.stm32cube.ide.mcu.externaltools.gnu-tools-for-stm32.12.3.rel1.linux64_1.0.200.202406132123/tools/bin/../lib/gcc/arm-none-eabi/12.3.1/../../../../arm-none-eabi/lib/thumb/v7e-m+dp/hard/libnosys.a(kill.o)
                0x080059a8                _kill
 .text._lseek   0x080059b8       0x10 /opt/st/stm32cubeide_1.16.0/plugins/com.st.stm32cube.ide.mcu.externaltools.gnu-tools-for-stm32.12.3.rel1.linux64_1.0.200.202406132123/tools/bin/../lib/gcc/arm-none-eabi/12.3.1/../../../../arm-none-eabi/lib/thumb/v7e-m+dp/hard/libnosys.a(lseek.o)
                0x080059b8                _lseek
 .text._read    0x080059c8       0x10 /opt/st/stm32cubeide_1.16.0/plugins/com.st.stm32cube.ide.mcu.externaltools.gnu-tools-for-stm32.12.3.rel1.linux64_1.0.200.202406132123/tools/bin/../lib/gcc/arm-none-eabi/12.3.1/../../../../arm-none-eabi/lib/thumb/v7e-m+dp/hard/libnosys.a(read.o)
                0x080059c8                _read
 .text._sbrk    0x080059d8       0x1c /opt/st/stm32cubeide_1.16.0/plugins/com.st.stm32cube.ide.mcu.externaltools.gnu-tools-for-stm32.12.3.rel1.linux64_1.0.200.202406132123/tools/bin/../lib/gcc/arm-none-eabi/12.3.1/../../../../arm-none-eabi/lib/thumb/v7e-m+dp/hard/libnosys.a(sbrk.o)
                0x080059d8                _sbrk
 .text._exit    0x080059f4        0x2 /opt/st/stm32cubeide_1.16.0/plugins/com.st.stm32cube.ide.mcu.externaltools.gnu-tools-for-stm32.12.3.rel1.linux64_1.0.200.202406132123/tools/bin/../lib/gcc/arm-none-eabi/12.3.1/../../../../arm-none-eabi/lib/thumb/v7e-m+dp/hard/libnosys.a(_exit.o)
                0x080059f4                _exit
 *(.glue_7)
 .glue_7        0x080059f6        0x0 linker stubs
 *(.glue_7t)
 .glue_7t       0x080059f6        0x0 linker stubs
 *(.eh_frame)
 *fill*         0x080059f6        0x2 
 .eh_frame      0x080059f8        0x0 /opt/st/stm32cubeide_1.16.0/plugins/com.st.stm32cube.ide.mcu.externaltools.gnu-tools-for-stm32.12.3.rel1.linux64_1.0.200.202406132123/tools/bin/../lib/gcc/arm-none-eabi/12.3.1/thumb/v7e-m+dp/hard/crtbegin.o
 *(.init)
 .init          0x080059f8        0x4 /opt/st/stm32cubeide_1.16.0/plugins/com.st.stm32cube.ide.mcu.externaltools.gnu-tools-for-stm32.12.3.rel1.linux64_1.0.200.202406132123/tools/bin/../lib/gcc/arm-none-eabi/12.3.1/thumb/v7e-m+dp/hard/crti.o
                0x080059f8                _init
 .init          0x080059fc        0x8 /opt/st/stm32cubeide_1.16.0/plugins/com.st.stm32cube.ide.mcu.externaltools.gnu-tools-for-stm32.12.3.rel1.linux64_1.0.200.202406132123/tools/bin/../lib/gcc/arm-none-eabi/12.3.1/thumb/v7e-m+dp/hard/crtn.o
 *(.fini)
 .fini          0x08005a04        0x4 /opt/st/stm32cubeide_1.16.0/plugins/com.st.stm32cube.ide.mcu.externaltools.gnu-tools-for-stm32.12.3.rel1.linux64_1.0.200.202406132123/tools/bin/../lib/gcc/arm-none-eabi/12.3.1/thumb/v7e-m+dp/hard/crti.o
                0x08005a04                _fini
 .fini          0x08005a08        0x8 /opt/st/stm32cubeide_1.16.0/plugins/com.st.stm32cube.ide.mcu.externaltools.gnu-tools-for-stm32.12.3.rel1.linux64_1.0.200.202406132123/tools/bin/../lib/gcc/arm-none-eabi/12.3.1/thumb/v7e-m+dp/hard/crtn.o
                0x08005a10                        . = ALIGN (0x4)
                0x08005a10                        _etext = .

.vfp11_veneer   0x08005a10        0x0
 .vfp11_veneer  0x08005a10        0x0 linker stubs

.v4_bx          0x08005a10        0x0
 .v4_bx         0x08005a10        0x0 linker stubs

.iplt           0x08005a10        0x0
 .iplt          0x08005a10        0x0 /opt/st/stm32cubeide_1.16.0/plugins/com.st.stm32cube.ide.mcu.externaltools.gnu-tools-for-stm32.12.3.rel1.linux64_1.0.200.202406132123/tools/bin/../lib/gcc/arm-none-eabi/12.3.1/thumb/v7e-m+dp/hard/crtbegin.o

.rodata         0x08005a10      0x364
                0x08005a10                        . = ALIGN (0x4)
 *(.rodata)
 *(.rodata*)
 .rodata.assert_failed.str1.1
                0x08005a10       0x42 ./BSP/Nucleo_F767ZI_Init.o
 .rodata.HAL_NVIC_SetPriorityGrouping.str1.1
                0x08005a52       0x7a ./Drivers/STM32F7xx_HAL_Driver/Src/stm32f7xx_hal_cortex.o
 .rodata.HAL_GPIO_Init.str1.1
                0x08005acc       0x78 ./Drivers/STM32F7xx_HAL_Driver/Src/stm32f7xx_hal_gpio.o
 .rodata.HAL_RCC_OscConfig.str1.1
                0x08005b44       0x77 ./Drivers/STM32F7xx_HAL_Driver/Src/stm32f7xx_hal_rcc.o
 .rodata.HAL_RCCEx_PeriphCLKConfig.str1.1
                0x08005bbb       0x7a ./Drivers/STM32F7xx_HAL_Driver/Src/stm32f7xx_hal_rcc_ex.o
 .rodata.pthread_create.str1.1
                0x08005c35        0x8 ./Middleware/Third_Party/FreeRTOS/FreeRTOS_POSIX/FreeRTOS-Plus-POSIX/source/FreeRTOS_POSIX_pthread.o
 *fill*         0x08005c3d        0x1 
 .rodata.xDefaultThreadAttributes
                0x08005c3e        0x4 ./Middleware/Third_Party/FreeRTOS/FreeRTOS_POSIX/FreeRTOS-Plus-POSIX/source/FreeRTOS_POSIX_pthread.o
 .rodata.vTaskStartScheduler.str1.1
                0x08005c42        0x5 ./Middleware/Third_Party/FreeRTOS/Source/tasks.o
 .rodata.prvCheckForValidListAndQueue.str1.1
                0x08005c47        0x5 ./Middleware/Third_Party/FreeRTOS/Source/timers.o
 .rodata.xTimerCreateTimerTask.str1.1
                0x08005c4c        0x8 ./Middleware/Third_Party/FreeRTOS/Source/timers.o
 .rodata._DoInit.str1.1
                0x08005c54       0x14 ./Middleware/Third_Party/SEGGER/SEGGER_RTT.o
 .rodata._abSync
                0x08005c68        0xa ./Middleware/Third_Party/SEGGER/SEGGER_SYSVIEW.o
 .rodata.SYSVIEW_AddTask.str1.1
                0x08005c72       0x50 ./Middleware/Third_Party/SEGGER/SEGGER_SYSVIEW_FreeRTOS.o
                                 0x55 (size before relaxing)
 .rodata.main.str1.1
                0x08005cc2       0x2d ./Src/main_taskCreation_POSIX.o
 .rodata.__func__.0
                0x08005cef        0x5 ./Src/main_taskCreation_POSIX.o
 .rodata.AHBPrescTable
                0x08005cf4       0x10 ./Src/system_stm32f7xx.o
                0x08005cf4                AHBPrescTable
 .rodata.__assert_func.str1.1
                0x08005d04       0x3c /opt/st/stm32cubeide_1.16.0/plugins/com.st.stm32cube.ide.mcu.externaltools.gnu-tools-for-stm32.12.3.rel1.linux64_1.0.200.202406132123/tools/bin/../lib/gcc/arm-none-eabi/12.3.1/../../../../arm-none-eabi/lib/thumb/v7e-m+dp/hard/libc_nano.a(libc_a-assert.o)
                                 0x3d (size before relaxing)
 .rodata._vfprintf_r.str1.1
                0x08005d40       0x11 /opt/st/stm32cubeide_1.16.0/plugins/com.st.stm32cube.ide.mcu.externaltools.gnu-tools-for-stm32.12.3.rel1.linux64_1.0.200.202406132123/tools/bin/../lib/gcc/arm-none-eabi/12.3.1/../../../../arm-none-eabi/lib/thumb/v7e-m+dp/hard/libc_nano.a(libc_a-nano-vfprintf.o)
 .rodata._printf_i.str1.1
                0x08005d51       0x22 /opt/st/stm32cubeide_1.16.0/plugins/com.st.stm32cube.ide.mcu.externaltools.gnu-tools-for-stm32.12.3.rel1.linux64_1.0.200.202406132123/tools/bin/../lib/gcc/arm-none-eabi/12.3.1/../../../../arm-none-eabi/lib/thumb/v7e-m+dp/hard/libc_nano.a(libc_a-nano-vfprintf_i.o)
                0x08005d74                        . = ALIGN (0x4)
 *fill*         0x08005d73        0x1 

.ARM.extab
 *(.ARM.extab* .gnu.linkonce.armextab.*)

.ARM            0x08005d74        0x8
                0x08005d74                        __exidx_start = .
 *(.ARM.exidx*)
 .ARM.exidx     0x08005d74        0x8 /opt/st/stm32cubeide_1.16.0/plugins/com.st.stm32cube.ide.mcu.externaltools.gnu-tools-for-stm32.12.3.rel1.linux64_1.0.200.202406132123/tools/bin/../lib/gcc/arm-none-eabi/12.3.1/../../../../arm-none-eabi/lib/thumb/v7e-m+dp/hard/libc_nano.a(libc_a-strlen.o)
 .ARM.exidx     0x08005d7c        0x0 /opt/st/stm32cubeide_1.16.0/plugins/com.st.stm32cube.ide.mcu.externaltools.gnu-tools-for-stm32.12.3.rel1.linux64_1.0.200.202406132123/tools/bin/../lib/gcc/arm-none-eabi/12.3.1/../../../../arm-none-eabi/lib/thumb/v7e-m+dp/hard/libc_nano.a(libc_a-memchr.o)
                                  0x8 (size before relaxing)
 .ARM.exidx     0x08005d7c        0x0 /opt/st/stm32cubeide_1.16.0/plugins/com.st.stm32cube.ide.mcu.externaltools.gnu-tools-for-stm32.12.3.rel1.linux64_1.0.200.202406132123/tools/bin/../lib/gcc/arm-none-eabi/12.3.1/thumb/v7e-m+dp/hard/libgcc.a(_udivmoddi4.o)
                                  0x8 (size before relaxing)
                0x08005d7c                        __exidx_end = .

.rel.dyn        0x08005d7c        0x0
 .rel.iplt      0x08005d7c        0x0 /opt/st/stm32cubeide_1.16.0/plugins/com.st.stm32cube.ide.mcu.externaltools.gnu-tools-for-stm32.12.3.rel1.linux64_1.0.200.202406132123/tools/bin/../lib/gcc/arm-none-eabi/12.3.1/thumb/v7e-m+dp/hard/crtbegin.o

.preinit_array  0x08005d7c        0x0
                0x08005d7c                        PROVIDE (__preinit_array_start = .)
 *(.preinit_array*)
                0x08005d7c                        PROVIDE (__preinit_array_end = .)

.init_array     0x08005d7c        0x4
                0x08005d7c                        PROVIDE (__init_array_start = .)
 *(SORT_BY_NAME(.init_array.*))
 *(.init_array*)
 .init_array    0x08005d7c        0x4 /opt/st/stm32cubeide_1.16.0/plugins/com.st.stm32cube.ide.mcu.externaltools.gnu-tools-for-stm32.12.3.rel1.linux64_1.0.200.202406132123/tools/bin/../lib/gcc/arm-none-eabi/12.3.1/thumb/v7e-m+dp/hard/crtbegin.o
                0x08005d80                        PROVIDE (__init_array_end = .)

.fini_array     0x08005d80        0x4
                [!provide]                        PROVIDE (__fini_array_start = .)
 *(SORT_BY_NAME(.fini_array.*))
 *(.fini_array*)
 .fini_array    0x08005d80        0x4 /opt/st/stm32cubeide_1.16.0/plugins/com.st.stm32cube.ide.mcu.externaltools.gnu-tools-for-stm32.12.3.rel1.linux64_1.0.200.202406132123/tools/bin/../lib/gcc/arm-none-eabi/12.3.1/thumb/v7e-m+dp/hard/crtbegin.o
                [!provide]                        PROVIDE (__fini_array_end = .)
                0x08005d84                        _sidata = LOADADDR (.data)

.data           0x20000000       0x7c load address 0x08005d84
                0x20000000                        . = ALIGN (0x4)
                0x20000000                        _sdata = .
 *(.data)
 *(.data*)
 .data.RedLed   0x20000000        0x8 ./BSP/Nucleo_F767ZI_GPIO.o
                0x20000000                RedLed
 .data.GreenLed
                0x20000008        0x8 ./BSP/Nucleo_F767ZI_GPIO.o
                0x20000008                GreenLed
 .data.uwTickFreq
                0x20000010        0x1 ./Drivers/STM32F7xx_HAL_Driver/Src/stm32f7xx_hal.o
                0x20000010                uwTickFreq
 *fill*         0x20000011        0x3 
 .data.uwTickPrio
                0x20000014        0x4 ./Drivers/STM32F7xx_HAL_Driver/Src/stm32f7xx_hal.o
                0x20000014                uwTickPrio
 .data.uxCriticalNesting
                0x20000018        0x4 ./Middleware/Third_Party/FreeRTOS/Source/portable/GCC/ARM_CM7/r0p1/port.o
 .data.SystemCoreClock
                0x2000001c        0x4 ./Src/system_stm32f7xx.o
                0x2000001c                SystemCoreClock
 .data.__sglue  0x20000020        0xc /opt/st/stm32cubeide_1.16.0/plugins/com.st.stm32cube.ide.mcu.externaltools.gnu-tools-for-stm32.12.3.rel1.linux64_1.0.200.202406132123/tools/bin/../lib/gcc/arm-none-eabi/12.3.1/../../../../arm-none-eabi/lib/thumb/v7e-m+dp/hard/libc_nano.a(libc_a-findfp.o)
                0x20000020                __sglue
 .data._impure_ptr
                0x2000002c        0x4 /opt/st/stm32cubeide_1.16.0/plugins/com.st.stm32cube.ide.mcu.externaltools.gnu-tools-for-stm32.12.3.rel1.linux64_1.0.200.202406132123/tools/bin/../lib/gcc/arm-none-eabi/12.3.1/../../../../arm-none-eabi/lib/thumb/v7e-m+dp/hard/libc_nano.a(libc_a-impure.o)
                0x2000002c                _impure_ptr
 .data._impure_data
                0x20000030       0x4c /opt/st/stm32cubeide_1.16.0/plugins/com.st.stm32cube.ide.mcu.externaltools.gnu-tools-for-stm32.12.3.rel1.linux64_1.0.200.202406132123/tools/bin/../lib/gcc/arm-none-eabi/12.3.1/../../../../arm-none-eabi/lib/thumb/v7e-m+dp/hard/libc_nano.a(libc_a-impure.o)
                0x20000030                _impure_data
                0x2000007c                        . = ALIGN (0x4)
                0x2000007c                        _edata = .

.igot.plt       0x2000007c        0x0 load address 0x08005e00
 .igot.plt      0x2000007c        0x0 /opt/st/stm32cubeide_1.16.0/plugins/com.st.stm32cube.ide.mcu.externaltools.gnu-tools-for-stm32.12.3.rel1.linux64_1.0.200.202406132123/tools/bin/../lib/gcc/arm-none-eabi/12.3.1/thumb/v7e-m+dp/hard/crtbegin.o
                0x2000007c                        . = ALIGN (0x4)

.bss            0x2000007c     0x513c load address 0x08005e00
                0x2000007c                        _sbss = .
                0x2000007c                        __bss_start__ = _sbss
 *(.bss)
 .bss           0x2000007c       0x1c /opt/st/stm32cubeide_1.16.0/plugins/com.st.stm32cube.ide.mcu.externaltools.gnu-tools-for-stm32.12.3.rel1.linux64_1.0.200.202406132123/tools/bin/../lib/gcc/arm-none-eabi/12.3.1/thumb/v7e-m+dp/hard/crtbegin.o
 *(.bss*)
 .bss.uwTick    0x20000098        0x4 ./Drivers/STM32F7xx_HAL_Driver/Src/stm32f7xx_hal.o
                0x20000098                uwTick
 .bss.Timer_Stack
                0x2000009c      0x400 ./Middleware/Third_Party/FreeRTOS/Source/CMSIS_RTOS_V2/cmsis_os2.o
 .bss.Timer_TCB
                0x2000049c       0x64 ./Middleware/Third_Party/FreeRTOS/Source/CMSIS_RTOS_V2/cmsis_os2.o
 .bss.Idle_Stack
                0x20000500      0x200 ./Middleware/Third_Party/FreeRTOS/Source/CMSIS_RTOS_V2/cmsis_os2.o
 .bss.Idle_TCB  0x20000700       0x64 ./Middleware/Third_Party/FreeRTOS/Source/CMSIS_RTOS_V2/cmsis_os2.o
 .bss.xQueueRegistry
                0x20000764       0x40 ./Middleware/Third_Party/FreeRTOS/Source/queue.o
                0x20000764                xQueueRegistry
 .bss.uxSchedulerSuspended
                0x200007a4        0x4 ./Middleware/Third_Party/FreeRTOS/Source/tasks.o
 .bss.xIdleTaskHandle
                0x200007a8        0x4 ./Middleware/Third_Party/FreeRTOS/Source/tasks.o
 .bss.xNextTaskUnblockTime
                0x200007ac        0x4 ./Middleware/Third_Party/FreeRTOS/Source/tasks.o
 .bss.uxTaskNumber
                0x200007b0        0x4 ./Middleware/Third_Party/FreeRTOS/Source/tasks.o
 .bss.xNumOfOverflows
                0x200007b4        0x4 ./Middleware/Third_Party/FreeRTOS/Source/tasks.o
 .bss.xYieldPending
                0x200007b8        0x4 ./Middleware/Third_Party/FreeRTOS/Source/tasks.o
 .bss.uxPendedTicks
                0x200007bc        0x4 ./Middleware/Third_Party/FreeRTOS/Source/tasks.o
 .bss.xSchedulerRunning
                0x200007c0        0x4 ./Middleware/Third_Party/FreeRTOS/Source/tasks.o
 .bss.uxTopReadyPriority
                0x200007c4        0x4 ./Middleware/Third_Party/FreeRTOS/Source/tasks.o
 .bss.xTickCount
                0x200007c8        0x4 ./Middleware/Third_Party/FreeRTOS/Source/tasks.o
 .bss.uxCurrentNumberOfTasks
                0x200007cc        0x4 ./Middleware/Third_Party/FreeRTOS/Source/tasks.o
 .bss.FreeRTOS_errno
                0x200007d0        0x4 ./Middleware/Third_Party/FreeRTOS/Source/tasks.o
                0x200007d0                FreeRTOS_errno
 .bss.xSuspendedTaskList
                0x200007d4       0x14 ./Middleware/Third_Party/FreeRTOS/Source/tasks.o
 .bss.uxDeletedTasksWaitingCleanUp
                0x200007e8        0x4 ./Middleware/Third_Party/FreeRTOS/Source/tasks.o
 .bss.xTasksWaitingTermination
                0x200007ec       0x14 ./Middleware/Third_Party/FreeRTOS/Source/tasks.o
 .bss.xPendingReadyList
                0x20000800       0x14 ./Middleware/Third_Party/FreeRTOS/Source/tasks.o
 .bss.pxOverflowDelayedTaskList
                0x20000814        0x4 ./Middleware/Third_Party/FreeRTOS/Source/tasks.o
 .bss.pxDelayedTaskList
                0x20000818        0x4 ./Middleware/Third_Party/FreeRTOS/Source/tasks.o
 .bss.xDelayedTaskList2
                0x2000081c       0x14 ./Middleware/Third_Party/FreeRTOS/Source/tasks.o
 .bss.xDelayedTaskList1
                0x20000830       0x14 ./Middleware/Third_Party/FreeRTOS/Source/tasks.o
 .bss.pxReadyTasksLists
                0x20000844      0x460 ./Middleware/Third_Party/FreeRTOS/Source/tasks.o
 .bss.pxCurrentTCB
                0x20000ca4        0x4 ./Middleware/Third_Party/FreeRTOS/Source/tasks.o
                0x20000ca4                pxCurrentTCB
 .bss.xStaticTimerQueue.0
                0x20000ca8       0x50 ./Middleware/Third_Party/FreeRTOS/Source/timers.o
 .bss.ucStaticTimerQueueStorage.1
                0x20000cf8       0xa0 ./Middleware/Third_Party/FreeRTOS/Source/timers.o
 .bss.xLastTime.2
                0x20000d98        0x4 ./Middleware/Third_Party/FreeRTOS/Source/timers.o
 .bss.xTimerTaskHandle
                0x20000d9c        0x4 ./Middleware/Third_Party/FreeRTOS/Source/timers.o
 .bss.xTimerQueue
                0x20000da0        0x4 ./Middleware/Third_Party/FreeRTOS/Source/timers.o
 .bss.pxOverflowTimerList
                0x20000da4        0x4 ./Middleware/Third_Party/FreeRTOS/Source/timers.o
 .bss.pxCurrentTimerList
                0x20000da8        0x4 ./Middleware/Third_Party/FreeRTOS/Source/timers.o
 .bss.xActiveTimerList2
                0x20000dac       0x14 ./Middleware/Third_Party/FreeRTOS/Source/timers.o
 .bss.xActiveTimerList1
                0x20000dc0       0x14 ./Middleware/Third_Party/FreeRTOS/Source/timers.o
 .bss.ulMaxPRIGROUPValue
                0x20000dd4        0x4 ./Middleware/Third_Party/FreeRTOS/Source/portable/GCC/ARM_CM7/r0p1/port.o
 .bss.ucMaxSysCallPriority
                0x20000dd8        0x1 ./Middleware/Third_Party/FreeRTOS/Source/portable/GCC/ARM_CM7/r0p1/port.o
 *fill*         0x20000dd9        0x3 
 .bss.xBlockAllocatedBit
                0x20000ddc        0x4 ./Middleware/Third_Party/FreeRTOS/Source/portable/MemMang/heap_4.o
 .bss.xMinimumEverFreeBytesRemaining
                0x20000de0        0x4 ./Middleware/Third_Party/FreeRTOS/Source/portable/MemMang/heap_4.o
 .bss.xFreeBytesRemaining
                0x20000de4        0x4 ./Middleware/Third_Party/FreeRTOS/Source/portable/MemMang/heap_4.o
 .bss.pxEnd     0x20000de8        0x4 ./Middleware/Third_Party/FreeRTOS/Source/portable/MemMang/heap_4.o
 .bss.xStart    0x20000dec        0x8 ./Middleware/Third_Party/FreeRTOS/Source/portable/MemMang/heap_4.o
 .bss.ucHeap    0x20000df4     0x3c00 ./Middleware/Third_Party/FreeRTOS/Source/portable/MemMang/heap_4.o
 .bss._acDownBuffer
                0x200049f4       0x10 ./Middleware/Third_Party/SEGGER/SEGGER_RTT.o
 .bss._acUpBuffer
                0x20004a04      0x400 ./Middleware/Third_Party/SEGGER/SEGGER_RTT.o
 .bss._SEGGER_RTT
                0x20004e04       0xa8 ./Middleware/Third_Party/SEGGER/SEGGER_RTT.o
                0x20004e04                _SEGGER_RTT
 .bss._aPacket  0x20004eac       0xe3 ./Middleware/Third_Party/SEGGER/SEGGER_SYSVIEW.o
 .bss._NumModules
                0x20004f8f        0x1 ./Middleware/Third_Party/SEGGER/SEGGER_SYSVIEW.o
 .bss._pFirstModule
                0x20004f90        0x4 ./Middleware/Third_Party/SEGGER/SEGGER_SYSVIEW.o
 .bss._SYSVIEW_Globals
                0x20004f94       0x28 ./Middleware/Third_Party/SEGGER/SEGGER_SYSVIEW.o
 .bss._NumTasks
                0x20004fbc        0x4 ./Middleware/Third_Party/SEGGER/SEGGER_SYSVIEW_FreeRTOS.o
 .bss._aTasks   0x20004fc0       0xa0 ./Middleware/Third_Party/SEGGER/SEGGER_SYSVIEW_FreeRTOS.o
 .bss.redThreadId
                0x20005060        0x4 ./Src/main_taskCreation_POSIX.o
                0x20005060                redThreadId
 .bss.greenThreadId
                0x20005064        0x4 ./Src/main_taskCreation_POSIX.o
                0x20005064                greenThreadId
 .bss.__sf      0x20005068      0x138 /opt/st/stm32cubeide_1.16.0/plugins/com.st.stm32cube.ide.mcu.externaltools.gnu-tools-for-stm32.12.3.rel1.linux64_1.0.200.202406132123/tools/bin/../lib/gcc/arm-none-eabi/12.3.1/../../../../arm-none-eabi/lib/thumb/v7e-m+dp/hard/libc_nano.a(libc_a-findfp.o)
                0x20005068                __sf
 .bss.__stdio_exit_handler
                0x200051a0        0x4 /opt/st/stm32cubeide_1.16.0/plugins/com.st.stm32cube.ide.mcu.externaltools.gnu-tools-for-stm32.12.3.rel1.linux64_1.0.200.202406132123/tools/bin/../lib/gcc/arm-none-eabi/12.3.1/../../../../arm-none-eabi/lib/thumb/v7e-m+dp/hard/libc_nano.a(libc_a-findfp.o)
                0x200051a0                __stdio_exit_handler
 .bss.errno     0x200051a4        0x4 /opt/st/stm32cubeide_1.16.0/plugins/com.st.stm32cube.ide.mcu.externaltools.gnu-tools-for-stm32.12.3.rel1.linux64_1.0.200.202406132123/tools/bin/../lib/gcc/arm-none-eabi/12.3.1/../../../../arm-none-eabi/lib/thumb/v7e-m+dp/hard/libc_nano.a(libc_a-reent.o)
                0x200051a4                errno
 .bss.__lock___malloc_recursive_mutex
                0x200051a8        0x1 /opt/st/stm32cubeide_1.16.0/plugins/com.st.stm32cube.ide.mcu.externaltools.gnu-tools-for-stm32.12.3.rel1.linux64_1.0.200.202406132123/tools/bin/../lib/gcc/arm-none-eabi/12.3.1/../../../../arm-none-eabi/lib/thumb/v7e-m+dp/hard/libc_nano.a(libc_a-lock.o)
                0x200051a8                __lock___malloc_recursive_mutex
 .bss.__lock___sfp_recursive_mutex
                0x200051a9        0x1 /opt/st/stm32cubeide_1.16.0/plugins/com.st.stm32cube.ide.mcu.externaltools.gnu-tools-for-stm32.12.3.rel1.linux64_1.0.200.202406132123/tools/bin/../lib/gcc/arm-none-eabi/12.3.1/../../../../arm-none-eabi/lib/thumb/v7e-m+dp/hard/libc_nano.a(libc_a-lock.o)
                0x200051a9                __lock___sfp_recursive_mutex
 *fill*         0x200051aa        0x2 
 .bss.__malloc_sbrk_start
                0x200051ac        0x4 /opt/st/stm32cubeide_1.16.0/plugins/com.st.stm32cube.ide.mcu.externaltools.gnu-tools-for-stm32.12.3.rel1.linux64_1.0.200.202406132123/tools/bin/../lib/gcc/arm-none-eabi/12.3.1/../../../../arm-none-eabi/lib/thumb/v7e-m+dp/hard/libc_nano.a(libc_a-mallocr.o)
                0x200051ac                __malloc_sbrk_start
 .bss.__malloc_free_list
                0x200051b0        0x4 /opt/st/stm32cubeide_1.16.0/plugins/com.st.stm32cube.ide.mcu.externaltools.gnu-tools-for-stm32.12.3.rel1.linux64_1.0.200.202406132123/tools/bin/../lib/gcc/arm-none-eabi/12.3.1/../../../../arm-none-eabi/lib/thumb/v7e-m+dp/hard/libc_nano.a(libc_a-mallocr.o)
                0x200051b0                __malloc_free_list
 .bss.heap_end.0
                0x200051b4        0x4 /opt/st/stm32cubeide_1.16.0/plugins/com.st.stm32cube.ide.mcu.externaltools.gnu-tools-for-stm32.12.3.rel1.linux64_1.0.200.202406132123/tools/bin/../lib/gcc/arm-none-eabi/12.3.1/../../../../arm-none-eabi/lib/thumb/v7e-m+dp/hard/libnosys.a(sbrk.o)
 *(COMMON)
                0x200051b8                        . = ALIGN (0x4)
                0x200051b8                        _ebss = .
                0x200051b8                        __bss_end__ = _ebss

._user_heap_stack
                0x200051b8      0x600 load address 0x08005e00
                0x200051b8                        . = ALIGN (0x4)
                0x200051b8                        PROVIDE (end = .)
                [!provide]                        PROVIDE (_end = .)
                0x200053b8                        . = (. + _Min_Heap_Size)
 *fill*         0x200051b8      0x200 
                0x200057b8                        . = (. + _Min_Stack_Size)
 *fill*         0x200053b8      0x400 
                0x200057b8                        . = ALIGN (0x4)

/DISCARD/
 libc.a(*)
 libm.a(*)
 libgcc.a(*)

.ARM.attributes
                0x00000000       0x2e
 *(.ARM.attributes)
 .ARM.attributes
                0x00000000       0x20 /opt/st/stm32cubeide_1.16.0/plugins/com.st.stm32cube.ide.mcu.externaltools.gnu-tools-for-stm32.12.3.rel1.linux64_1.0.200.202406132123/tools/bin/../lib/gcc/arm-none-eabi/12.3.1/thumb/v7e-m+dp/hard/crti.o
 .ARM.attributes
                0x00000020       0x32 /opt/st/stm32cubeide_1.16.0/plugins/com.st.stm32cube.ide.mcu.externaltools.gnu-tools-for-stm32.12.3.rel1.linux64_1.0.200.202406132123/tools/bin/../lib/gcc/arm-none-eabi/12.3.1/thumb/v7e-m+dp/hard/crtbegin.o
 .ARM.attributes
                0x00000052       0x32 ./BSP/Nucleo_F767ZI_GPIO.o
 .ARM.attributes
                0x00000084       0x32 ./BSP/Nucleo_F767ZI_Init.o
 .ARM.attributes
                0x000000b6       0x32 ./Drivers/STM32F7xx_HAL_Driver/Src/stm32f7xx_hal.o
 .ARM.attributes
                0x000000e8       0x32 ./Drivers/STM32F7xx_HAL_Driver/Src/stm32f7xx_hal_cortex.o
 .ARM.attributes
                0x0000011a       0x32 ./Drivers/STM32F7xx_HAL_Driver/Src/stm32f7xx_hal_gpio.o
 .ARM.attributes
                0x0000014c       0x32 ./Drivers/STM32F7xx_HAL_Driver/Src/stm32f7xx_hal_pwr.o
 .ARM.attributes
                0x0000017e       0x32 ./Drivers/STM32F7xx_HAL_Driver/Src/stm32f7xx_hal_pwr_ex.o
 .ARM.attributes
                0x000001b0       0x32 ./Drivers/STM32F7xx_HAL_Driver/Src/stm32f7xx_hal_rcc.o
 .ARM.attributes
                0x000001e2       0x32 ./Drivers/STM32F7xx_HAL_Driver/Src/stm32f7xx_hal_rcc_ex.o
 .ARM.attributes
                0x00000214       0x32 ./Middleware/Third_Party/FreeRTOS/FreeRTOS_POSIX/FreeRTOS-Plus-POSIX/source/FreeRTOS_POSIX_pthread.o
 .ARM.attributes
                0x00000246       0x32 ./Middleware/Third_Party/FreeRTOS/FreeRTOS_POSIX/FreeRTOS-Plus-POSIX/source/FreeRTOS_POSIX_unistd.o
 .ARM.attributes
                0x00000278       0x32 ./Middleware/Third_Party/FreeRTOS/Source/CMSIS_RTOS_V2/cmsis_os2.o
 .ARM.attributes
                0x000002aa       0x32 ./Middleware/Third_Party/FreeRTOS/Source/list.o
 .ARM.attributes
                0x000002dc       0x32 ./Middleware/Third_Party/FreeRTOS/Source/queue.o
 .ARM.attributes
                0x0000030e       0x32 ./Middleware/Third_Party/FreeRTOS/Source/tasks.o
 .ARM.attributes
                0x00000340       0x32 ./Middleware/Third_Party/FreeRTOS/Source/timers.o
 .ARM.attributes
                0x00000372       0x32 ./Middleware/Third_Party/FreeRTOS/Source/portable/GCC/ARM_CM7/r0p1/port.o
 .ARM.attributes
                0x000003a4       0x32 ./Middleware/Third_Party/FreeRTOS/Source/portable/MemMang/heap_4.o
 .ARM.attributes
                0x000003d6       0x32 ./Middleware/Third_Party/SEGGER/SEGGER_RTT.o
 .ARM.attributes
                0x00000408       0x1e ./Middleware/Third_Party/SEGGER/SEGGER_RTT_ASM_ARMv7M.o
 .ARM.attributes
                0x00000426       0x32 ./Middleware/Third_Party/SEGGER/SEGGER_RTT_Syscalls_GCC.o
 .ARM.attributes
                0x00000458       0x32 ./Middleware/Third_Party/SEGGER/SEGGER_SYSVIEW.o
 .ARM.attributes
                0x0000048a       0x32 ./Middleware/Third_Party/SEGGER/SEGGER_SYSVIEW_FreeRTOS.o
 .ARM.attributes
                0x000004bc       0x32 ./Src/main_taskCreation_POSIX.o
 .ARM.attributes
                0x000004ee       0x32 ./Src/stm32f7xx_hal_msp.o
 .ARM.attributes
                0x00000520       0x32 ./Src/stm32f7xx_it.o
 .ARM.attributes
                0x00000552       0x32 ./Src/system_stm32f7xx.o
 .ARM.attributes
                0x00000584       0x21 ./startup/startup_stm32f767xx.o
 .ARM.attributes
                0x000005a5       0x32 /opt/st/stm32cubeide_1.16.0/plugins/com.st.stm32cube.ide.mcu.externaltools.gnu-tools-for-stm32.12.3.rel1.linux64_1.0.200.202406132123/tools/bin/../lib/gcc/arm-none-eabi/12.3.1/../../../../arm-none-eabi/lib/thumb/v7e-m+dp/hard/libc_nano.a(libc_a-assert.o)
 .ARM.attributes
                0x000005d7       0x32 /opt/st/stm32cubeide_1.16.0/plugins/com.st.stm32cube.ide.mcu.externaltools.gnu-tools-for-stm32.12.3.rel1.linux64_1.0.200.202406132123/tools/bin/../lib/gcc/arm-none-eabi/12.3.1/../../../../arm-none-eabi/lib/thumb/v7e-m+dp/hard/libc_nano.a(libc_a-findfp.o)
 .ARM.attributes
                0x00000609       0x32 /opt/st/stm32cubeide_1.16.0/plugins/com.st.stm32cube.ide.mcu.externaltools.gnu-tools-for-stm32.12.3.rel1.linux64_1.0.200.202406132123/tools/bin/../lib/gcc/arm-none-eabi/12.3.1/../../../../arm-none-eabi/lib/thumb/v7e-m+dp/hard/libc_nano.a(libc_a-fprintf.o)
 .ARM.attributes
                0x0000063b       0x32 /opt/st/stm32cubeide_1.16.0/plugins/com.st.stm32cube.ide.mcu.externaltools.gnu-tools-for-stm32.12.3.rel1.linux64_1.0.200.202406132123/tools/bin/../lib/gcc/arm-none-eabi/12.3.1/../../../../arm-none-eabi/lib/thumb/v7e-m+dp/hard/libc_nano.a(libc_a-fwalk.o)
 .ARM.attributes
                0x0000066d       0x32 /opt/st/stm32cubeide_1.16.0/plugins/com.st.stm32cube.ide.mcu.externaltools.gnu-tools-for-stm32.12.3.rel1.linux64_1.0.200.202406132123/tools/bin/../lib/gcc/arm-none-eabi/12.3.1/../../../../arm-none-eabi/lib/thumb/v7e-m+dp/hard/libc_nano.a(libc_a-stdio.o)
 .ARM.attributes
                0x0000069f       0x32 /opt/st/stm32cubeide_1.16.0/plugins/com.st.stm32cube.ide.mcu.externaltools.gnu-tools-for-stm32.12.3.rel1.linux64_1.0.200.202406132123/tools/bin/../lib/gcc/arm-none-eabi/12.3.1/../../../../arm-none-eabi/lib/thumb/v7e-m+dp/hard/libc_nano.a(libc_a-memcmp.o)
 .ARM.attributes
                0x000006d1       0x32 /opt/st/stm32cubeide_1.16.0/plugins/com.st.stm32cube.ide.mcu.externaltools.gnu-tools-for-stm32.12.3.rel1.linux64_1.0.200.202406132123/tools/bin/../lib/gcc/arm-none-eabi/12.3.1/../../../../arm-none-eabi/lib/thumb/v7e-m+dp/hard/libc_nano.a(libc_a-memset.o)
 .ARM.attributes
                0x00000703       0x32 /opt/st/stm32cubeide_1.16.0/plugins/com.st.stm32cube.ide.mcu.externaltools.gnu-tools-for-stm32.12.3.rel1.linux64_1.0.200.202406132123/tools/bin/../lib/gcc/arm-none-eabi/12.3.1/../../../../arm-none-eabi/lib/thumb/v7e-m+dp/hard/libc_nano.a(libc_a-closer.o)
 .ARM.attributes
                0x00000735       0x32 /opt/st/stm32cubeide_1.16.0/plugins/com.st.stm32cube.ide.mcu.externaltools.gnu-tools-for-stm32.12.3.rel1.linux64_1.0.200.202406132123/tools/bin/../lib/gcc/arm-none-eabi/12.3.1/../../../../arm-none-eabi/lib/thumb/v7e-m+dp/hard/libc_nano.a(libc_a-reent.o)
 .ARM.attributes
                0x00000767       0x32 /opt/st/stm32cubeide_1.16.0/plugins/com.st.stm32cube.ide.mcu.externaltools.gnu-tools-for-stm32.12.3.rel1.linux64_1.0.200.202406132123/tools/bin/../lib/gcc/arm-none-eabi/12.3.1/../../../../arm-none-eabi/lib/thumb/v7e-m+dp/hard/libc_nano.a(libc_a-impure.o)
 .ARM.attributes
                0x00000799       0x32 /opt/st/stm32cubeide_1.16.0/plugins/com.st.stm32cube.ide.mcu.externaltools.gnu-tools-for-stm32.12.3.rel1.linux64_1.0.200.202406132123/tools/bin/../lib/gcc/arm-none-eabi/12.3.1/../../../../arm-none-eabi/lib/thumb/v7e-m+dp/hard/libc_nano.a(libc_a-lseekr.o)
 .ARM.attributes
                0x000007cb       0x32 /opt/st/stm32cubeide_1.16.0/plugins/com.st.stm32cube.ide.mcu.externaltools.gnu-tools-for-stm32.12.3.rel1.linux64_1.0.200.202406132123/tools/bin/../lib/gcc/arm-none-eabi/12.3.1/../../../../arm-none-eabi/lib/thumb/v7e-m+dp/hard/libc_nano.a(libc_a-readr.o)
 .ARM.attributes
                0x000007fd       0x32 /opt/st/stm32cubeide_1.16.0/plugins/com.st.stm32cube.ide.mcu.externaltools.gnu-tools-for-stm32.12.3.rel1.linux64_1.0.200.202406132123/tools/bin/../lib/gcc/arm-none-eabi/12.3.1/../../../../arm-none-eabi/lib/thumb/v7e-m+dp/hard/libc_nano.a(libc_a-init.o)
 .ARM.attributes
                0x0000082f       0x32 /opt/st/stm32cubeide_1.16.0/plugins/com.st.stm32cube.ide.mcu.externaltools.gnu-tools-for-stm32.12.3.rel1.linux64_1.0.200.202406132123/tools/bin/../lib/gcc/arm-none-eabi/12.3.1/../../../../arm-none-eabi/lib/thumb/v7e-m+dp/hard/libc_nano.a(libc_a-lock.o)
 .ARM.attributes
                0x00000861       0x32 /opt/st/stm32cubeide_1.16.0/plugins/com.st.stm32cube.ide.mcu.externaltools.gnu-tools-for-stm32.12.3.rel1.linux64_1.0.200.202406132123/tools/bin/../lib/gcc/arm-none-eabi/12.3.1/../../../../arm-none-eabi/lib/thumb/v7e-m+dp/hard/libc_nano.a(libc_a-strcpy.o)
 .ARM.attributes
                0x00000893       0x32 /opt/st/stm32cubeide_1.16.0/plugins/com.st.stm32cube.ide.mcu.externaltools.gnu-tools-for-stm32.12.3.rel1.linux64_1.0.200.202406132123/tools/bin/../lib/gcc/arm-none-eabi/12.3.1/../../../../arm-none-eabi/lib/thumb/v7e-m+dp/hard/libc_nano.a(libc_a-memcpy-stub.o)
 .ARM.attributes
                0x000008c5       0x17 /opt/st/stm32cubeide_1.16.0/plugins/com.st.stm32cube.ide.mcu.externaltools.gnu-tools-for-stm32.12.3.rel1.linux64_1.0.200.202406132123/tools/bin/../lib/gcc/arm-none-eabi/12.3.1/../../../../arm-none-eabi/lib/thumb/v7e-m+dp/hard/libc_nano.a(libc_a-strlen.o)
 .ARM.attributes
                0x000008dc       0x32 /opt/st/stm32cubeide_1.16.0/plugins/com.st.stm32cube.ide.mcu.externaltools.gnu-tools-for-stm32.12.3.rel1.linux64_1.0.200.202406132123/tools/bin/../lib/gcc/arm-none-eabi/12.3.1/../../../../arm-none-eabi/lib/thumb/v7e-m+dp/hard/libc_nano.a(libc_a-abort.o)
 .ARM.attributes
                0x0000090e       0x32 /opt/st/stm32cubeide_1.16.0/plugins/com.st.stm32cube.ide.mcu.externaltools.gnu-tools-for-stm32.12.3.rel1.linux64_1.0.200.202406132123/tools/bin/../lib/gcc/arm-none-eabi/12.3.1/../../../../arm-none-eabi/lib/thumb/v7e-m+dp/hard/libc_nano.a(libc_a-freer.o)
 .ARM.attributes