/home/christal/Documents/prog/Hands-On-RTOS-with-Microcontrollers/Drivers/STM32F7xx_HAL_Driver/Src/stm32f7xx_hal_gpio.c:169:6:HAL_GPIO_Init	48	static
/home/christal/Documents/prog/Hands-On-RTOS-with-Microcontrollers/Drivers/STM32F7xx_HAL_Driver/Src/stm32f7xx_hal_gpio.c:294:6:HAL_GPIO_DeInit	40	static
/home/christal/Documents/prog/Hands-On-RTOS-with-Microcontrollers/Drivers/STM32F7xx_HAL_Driver/Src/stm32f7xx_hal_gpio.c:373:15:HAL_GPIO_ReadPin	16	static
/home/christal/Documents/prog/Hands-On-RTOS-with-Microcontrollers/Drivers/STM32F7xx_HAL_Driver/Src/stm32f7xx_hal_gpio.c:407:6:HAL_GPIO_WritePin	16	static
/home/christal/Documents/prog/Hands-On-RTOS-with-Microcontrollers/Drivers/STM32F7xx_HAL_Driver/Src/stm32f7xx_hal_gpio.c:429:6:HAL_GPIO_TogglePin	16	static
/home/christal/Documents/prog/Hands-On-RTOS-with-Microcontrollers/Drivers/STM32F7xx_HAL_Driver/Src/stm32f7xx_hal_gpio.c:455:19:HAL_GPIO_LockPin	24	static
/home/christal/Documents/prog/Hands-On-RTOS-with-Microcontrollers/Drivers/STM32F7xx_HAL_Driver/Src/stm32f7xx_hal_gpio.c:503:13:HAL_GPIO_EXTI_Callback	0	static
/home/christal/Documents/prog/Hands-On-RTOS-with-Microcontrollers/Drivers/STM32F7xx_HAL_Driver/Src/stm32f7xx_hal_gpio.c:488:6:HAL_GPIO_EXTI_IRQHandler	8	static
