/home/christal/Documents/prog/Hands-On-RTOS-with-Microcontrollers/Middleware/Third_Party/SEGGER/SEGGER_SYSVIEW_FreeRTOS.c:114:12:_cbGetTime	8	static
/home/christal/Documents/prog/Hands-On-RTOS-with-Microcontrollers/Middleware/Third_Party/SEGGER/SEGGER_SYSVIEW_FreeRTOS.c:197:6:SYSVIEW_DeleteTask	24	static
/home/christal/Documents/prog/Hands-On-RTOS-with-Microcontrollers/Middleware/Third_Party/SEGGER/SEGGER_SYSVIEW_FreeRTOS.c:238:6:SYSVIEW_SendTaskInfo	32	static
/home/christal/Documents/prog/Hands-On-RTOS-with-Microcontrollers/Middleware/Third_Party/SEGGER/SEGGER_SYSVIEW_FreeRTOS.c:136:6:SYSVIEW_AddTask	24	static
/home/christal/Documents/prog/Hands-On-RTOS-with-Microcontrollers/Middleware/Third_Party/SEGGER/SEGGER_SYSVIEW_FreeRTOS.c:166:6:SYSVIEW_UpdateTask	24	static
/home/christal/Documents/prog/Hands-On-RTOS-with-Microcontrollers/Middleware/Third_Party/SEGGER/SEGGER_SYSVIEW_FreeRTOS.c:94:13:_cbSendTaskList	24	static
