/home/christal/Documents/prog/Hands-On-RTOS-with-Microcontrollers/Drivers/STM32F7xx_HAL_Driver/Inc/stm32f7xx_hal_adc_ex.c:1029:13:ADC_MultiModeDMAError	0	static
/home/christal/Documents/prog/Hands-On-RTOS-with-Microcontrollers/Drivers/STM32F7xx_HAL_Driver/Inc/stm32f7xx_hal_adc_ex.c:1016:13:ADC_MultiModeDMAHalfConvCplt	0	static
/home/christal/Documents/prog/Hands-On-RTOS-with-Microcontrollers/Drivers/STM32F7xx_HAL_Driver/Inc/stm32f7xx_hal_adc_ex.c:963:13:ADC_MultiModeDMAConvCplt	0	static
/home/christal/Documents/prog/Hands-On-RTOS-with-Microcontrollers/Drivers/STM32F7xx_HAL_Driver/Inc/stm32f7xx_hal_adc_ex.c:159:19:HAL_ADCEx_InjectedStart	8	static
/home/christal/Documents/prog/Hands-On-RTOS-with-Microcontrollers/Drivers/STM32F7xx_HAL_Driver/Inc/stm32f7xx_hal_adc_ex.c:248:19:HAL_ADCEx_InjectedStart_IT	8	static
/home/christal/Documents/prog/Hands-On-RTOS-with-Microcontrollers/Drivers/STM32F7xx_HAL_Driver/Inc/stm32f7xx_hal_adc_ex.c:345:19:HAL_ADCEx_InjectedStop	8	static
/home/christal/Documents/prog/Hands-On-RTOS-with-Microcontrollers/Drivers/STM32F7xx_HAL_Driver/Inc/stm32f7xx_hal_adc_ex.c:399:19:HAL_ADCEx_InjectedPollForConversion	16	static
/home/christal/Documents/prog/Hands-On-RTOS-with-Microcontrollers/Drivers/STM32F7xx_HAL_Driver/Inc/stm32f7xx_hal_adc_ex.c:466:19:HAL_ADCEx_InjectedStop_IT	8	static
/home/christal/Documents/prog/Hands-On-RTOS-with-Microcontrollers/Drivers/STM32F7xx_HAL_Driver/Inc/stm32f7xx_hal_adc_ex.c:528:10:HAL_ADCEx_InjectedGetValue	24	static
/home/christal/Documents/prog/Hands-On-RTOS-with-Microcontrollers/Drivers/STM32F7xx_HAL_Driver/Inc/stm32f7xx_hal_adc_ex.c:579:19:HAL_ADCEx_MultiModeStart_DMA	32	static
/home/christal/Documents/prog/Hands-On-RTOS-with-Microcontrollers/Drivers/STM32F7xx_HAL_Driver/Inc/stm32f7xx_hal_adc_ex.c:692:19:HAL_ADCEx_MultiModeStop_DMA	8	static
/home/christal/Documents/prog/Hands-On-RTOS-with-Microcontrollers/Drivers/STM32F7xx_HAL_Driver/Inc/stm32f7xx_hal_adc_ex.c:739:10:HAL_ADCEx_MultiModeGetValue	0	static
/home/christal/Documents/prog/Hands-On-RTOS-with-Microcontrollers/Drivers/STM32F7xx_HAL_Driver/Inc/stm32f7xx_hal_adc_ex.c:751:13:HAL_ADCEx_InjectedConvCpltCallback	0	static
/home/christal/Documents/prog/Hands-On-RTOS-with-Microcontrollers/Drivers/STM32F7xx_HAL_Driver/Inc/stm32f7xx_hal_adc_ex.c:768:19:HAL_ADCEx_InjectedConfigChannel	24	static
/home/christal/Documents/prog/Hands-On-RTOS-with-Microcontrollers/Drivers/STM32F7xx_HAL_Driver/Inc/stm32f7xx_hal_adc_ex.c:924:19:HAL_ADCEx_MultiModeConfigChannel	16	static
